Archive member included to satisfy reference by file (symbol)

c:/st/stm32cubeide_1.11.2/stm32cubeide/plugins/com.st.stm32cube.ide.mcu.externaltools.gnu-tools-for-stm32.10.3-2021.10.win32_1.0.100.202210260954/tools/bin/../lib/gcc/arm-none-eabi/10.3.1/../../../../arm-none-eabi/lib/thumb/v7-m/nofp\libc_nano.a(lib_a-errno.o)
                              ./Core/Src/syscalls.o (__errno)
c:/st/stm32cubeide_1.11.2/stm32cubeide/plugins/com.st.stm32cube.ide.mcu.externaltools.gnu-tools-for-stm32.10.3-2021.10.win32_1.0.100.202210260954/tools/bin/../lib/gcc/arm-none-eabi/10.3.1/../../../../arm-none-eabi/lib/thumb/v7-m/nofp\libc_nano.a(lib_a-exit.o)
                              c:/st/stm32cubeide_1.11.2/stm32cubeide/plugins/com.st.stm32cube.ide.mcu.externaltools.gnu-tools-for-stm32.10.3-2021.10.win32_1.0.100.202210260954/tools/bin/../lib/gcc/arm-none-eabi/10.3.1/../../../../arm-none-eabi/lib/thumb/v7-m/nofp/crt0.o (exit)
c:/st/stm32cubeide_1.11.2/stm32cubeide/plugins/com.st.stm32cube.ide.mcu.externaltools.gnu-tools-for-stm32.10.3-2021.10.win32_1.0.100.202210260954/tools/bin/../lib/gcc/arm-none-eabi/10.3.1/../../../../arm-none-eabi/lib/thumb/v7-m/nofp\libc_nano.a(lib_a-impure.o)
                              c:/st/stm32cubeide_1.11.2/stm32cubeide/plugins/com.st.stm32cube.ide.mcu.externaltools.gnu-tools-for-stm32.10.3-2021.10.win32_1.0.100.202210260954/tools/bin/../lib/gcc/arm-none-eabi/10.3.1/../../../../arm-none-eabi/lib/thumb/v7-m/nofp\libc_nano.a(lib_a-exit.o) (_global_impure_ptr)
c:/st/stm32cubeide_1.11.2/stm32cubeide/plugins/com.st.stm32cube.ide.mcu.externaltools.gnu-tools-for-stm32.10.3-2021.10.win32_1.0.100.202210260954/tools/bin/../lib/gcc/arm-none-eabi/10.3.1/../../../../arm-none-eabi/lib/thumb/v7-m/nofp\libc_nano.a(lib_a-init.o)
                              c:/st/stm32cubeide_1.11.2/stm32cubeide/plugins/com.st.stm32cube.ide.mcu.externaltools.gnu-tools-for-stm32.10.3-2021.10.win32_1.0.100.202210260954/tools/bin/../lib/gcc/arm-none-eabi/10.3.1/../../../../arm-none-eabi/lib/thumb/v7-m/nofp/crt0.o (__libc_init_array)
c:/st/stm32cubeide_1.11.2/stm32cubeide/plugins/com.st.stm32cube.ide.mcu.externaltools.gnu-tools-for-stm32.10.3-2021.10.win32_1.0.100.202210260954/tools/bin/../lib/gcc/arm-none-eabi/10.3.1/../../../../arm-none-eabi/lib/thumb/v7-m/nofp\libc_nano.a(lib_a-memcpy-stub.o)
                              ./ThirdParty/FreeRTOSv202112.00/queue.o (memcpy)
c:/st/stm32cubeide_1.11.2/stm32cubeide/plugins/com.st.stm32cube.ide.mcu.externaltools.gnu-tools-for-stm32.10.3-2021.10.win32_1.0.100.202210260954/tools/bin/../lib/gcc/arm-none-eabi/10.3.1/../../../../arm-none-eabi/lib/thumb/v7-m/nofp\libc_nano.a(lib_a-memset.o)
                              c:/st/stm32cubeide_1.11.2/stm32cubeide/plugins/com.st.stm32cube.ide.mcu.externaltools.gnu-tools-for-stm32.10.3-2021.10.win32_1.0.100.202210260954/tools/bin/../lib/gcc/arm-none-eabi/10.3.1/../../../../arm-none-eabi/lib/thumb/v7-m/nofp/crt0.o (memset)
c:/st/stm32cubeide_1.11.2/stm32cubeide/plugins/com.st.stm32cube.ide.mcu.externaltools.gnu-tools-for-stm32.10.3-2021.10.win32_1.0.100.202210260954/tools/bin/../lib/gcc/arm-none-eabi/10.3.1/thumb/v7-m/nofp\libgcc.a(_arm_addsubdf3.o)
                              ./Core/Src/main.o (__aeabi_f2d)
c:/st/stm32cubeide_1.11.2/stm32cubeide/plugins/com.st.stm32cube.ide.mcu.externaltools.gnu-tools-for-stm32.10.3-2021.10.win32_1.0.100.202210260954/tools/bin/../lib/gcc/arm-none-eabi/10.3.1/thumb/v7-m/nofp\libgcc.a(_arm_cmpdf2.o)
                              ./Core/Src/main.o (__aeabi_dcmplt)
c:/st/stm32cubeide_1.11.2/stm32cubeide/plugins/com.st.stm32cube.ide.mcu.externaltools.gnu-tools-for-stm32.10.3-2021.10.win32_1.0.100.202210260954/tools/bin/../lib/gcc/arm-none-eabi/10.3.1/thumb/v7-m/nofp\libgcc.a(_arm_addsubsf3.o)
                              ./Core/Src/main.o (__aeabi_ui2f)
c:/st/stm32cubeide_1.11.2/stm32cubeide/plugins/com.st.stm32cube.ide.mcu.externaltools.gnu-tools-for-stm32.10.3-2021.10.win32_1.0.100.202210260954/tools/bin/../lib/gcc/arm-none-eabi/10.3.1/thumb/v7-m/nofp\libgcc.a(_arm_muldivsf3.o)
                              ./Core/Src/main.o (__aeabi_fdiv)

Discarded input sections

 .text          0x0000000000000000        0x0 c:/st/stm32cubeide_1.11.2/stm32cubeide/plugins/com.st.stm32cube.ide.mcu.externaltools.gnu-tools-for-stm32.10.3-2021.10.win32_1.0.100.202210260954/tools/bin/../lib/gcc/arm-none-eabi/10.3.1/thumb/v7-m/nofp/crti.o
 .data          0x0000000000000000        0x0 c:/st/stm32cubeide_1.11.2/stm32cubeide/plugins/com.st.stm32cube.ide.mcu.externaltools.gnu-tools-for-stm32.10.3-2021.10.win32_1.0.100.202210260954/tools/bin/../lib/gcc/arm-none-eabi/10.3.1/thumb/v7-m/nofp/crti.o
 .bss           0x0000000000000000        0x0 c:/st/stm32cubeide_1.11.2/stm32cubeide/plugins/com.st.stm32cube.ide.mcu.externaltools.gnu-tools-for-stm32.10.3-2021.10.win32_1.0.100.202210260954/tools/bin/../lib/gcc/arm-none-eabi/10.3.1/thumb/v7-m/nofp/crti.o
[...]
Memory Configuration

Name             Origin             Length             Attributes
RAM              0x0000000020000000 0x0000000000005000 xrw
FLASH            0x0000000008000000 0x0000000000010000 xr
*default*        0x0000000000000000 0xffffffffffffffff

Linker script and memory map

LOAD c:/st/stm32cubeide_1.11.2/stm32cubeide/plugins/com.st.stm32cube.ide.mcu.externaltools.gnu-tools-for-stm32.10.3-2021.10.win32_1.0.100.202210260954/tools/bin/../lib/gcc/arm-none-eabi/10.3.1/thumb/v7-m/nofp/crti.o
LOAD c:/st/stm32cubeide_1.11.2/stm32cubeide/plugins/com.st.stm32cube.ide.mcu.externaltools.gnu-tools-for-stm32.10.3-2021.10.win32_1.0.100.202210260954/tools/bin/../lib/gcc/arm-none-eabi/10.3.1/thumb/v7-m/nofp/crtbegin.o
LOAD c:/st/stm32cubeide_1.11.2/stm32cubeide/plugins/com.st.stm32cube.ide.mcu.externaltools.gnu-tools-for-stm32.10.3-2021.10.win32_1.0.100.202210260954/tools/bin/../lib/gcc/arm-none-eabi/10.3.1/../../../../arm-none-eabi/lib/thumb/v7-m/nofp/crt0.o
LOAD ./Core/Src/main.o
LOAD ./Core/Src/stm32f1xx_hal_msp.o
LOAD ./Core/Src/stm32f1xx_hal_timebase_tim.o
LOAD ./Core/Src/stm32f1xx_it.o
LOAD ./Core/Src/syscalls.o
LOAD ./Core/Src/system_stm32f1xx.o
LOAD ./Core/Startup/startup_stm32f103c8tx.o
LOAD ./Drivers/STM32F1xx_HAL_Driver/Src/stm32f1xx_hal.o
LOAD ./Drivers/STM32F1xx_HAL_Driver/Src/stm32f1xx_hal_cortex.o
LOAD ./Drivers/STM32F1xx_HAL_Driver/Src/stm32f1xx_hal_dma.o
LOAD ./Drivers/STM32F1xx_HAL_Driver/Src/stm32f1xx_hal_exti.o
LOAD ./Drivers/STM32F1xx_HAL_Driver/Src/stm32f1xx_hal_flash.o
LOAD ./Drivers/STM32F1xx_HAL_Driver/Src/stm32f1xx_hal_flash_ex.o
LOAD ./Drivers/STM32F1xx_HAL_Driver/Src/stm32f1xx_hal_gpio.o
LOAD ./Drivers/STM32F1xx_HAL_Driver/Src/stm32f1xx_hal_gpio_ex.o
LOAD ./Drivers/STM32F1xx_HAL_Driver/Src/stm32f1xx_hal_pwr.o
LOAD ./Drivers/STM32F1xx_HAL_Driver/Src/stm32f1xx_hal_rcc.o
LOAD ./Drivers/STM32F1xx_HAL_Driver/Src/stm32f1xx_hal_rcc_ex.o
LOAD ./Drivers/STM32F1xx_HAL_Driver/Src/stm32f1xx_hal_tim.o
LOAD ./Drivers/STM32F1xx_HAL_Driver/Src/stm32f1xx_hal_tim_ex.o
LOAD ./Drivers/STM32F1xx_HAL_Driver/Src/stm32f1xx_hal_uart.o
LOAD ./ThirdParty/FreeRTOSv202112.00/croutine.o
LOAD ./ThirdParty/FreeRTOSv202112.00/event_groups.o
LOAD ./ThirdParty/FreeRTOSv202112.00/list.o
LOAD ./ThirdParty/FreeRTOSv202112.00/queue.o
LOAD ./ThirdParty/FreeRTOSv202112.00/stream_buffer.o
LOAD ./ThirdParty/FreeRTOSv202112.00/tasks.o
LOAD ./ThirdParty/FreeRTOSv202112.00/timers.o
LOAD ./ThirdParty/FreeRTOSv202112.00/portable/GCC/ARM_CM3/port.o
LOAD ./ThirdParty/FreeRTOSv202112.00/portable/MemMang/heap_4.o
START GROUP
LOAD c:/st/stm32cubeide_1.11.2/stm32cubeide/plugins/com.st.stm32cube.ide.mcu.externaltools.gnu-tools-for-stm32.10.3-2021.10.win32_1.0.100.202210260954/tools/bin/../lib/gcc/arm-none-eabi/10.3.1/../../../../arm-none-eabi/lib/thumb/v7-m/nofp\libc_nano.a
LOAD c:/st/stm32cubeide_1.11.2/stm32cubeide/plugins/com.st.stm32cube.ide.mcu.externaltools.gnu-tools-for-stm32.10.3-2021.10.win32_1.0.100.202210260954/tools/bin/../lib/gcc/arm-none-eabi/10.3.1/../../../../arm-none-eabi/lib/thumb/v7-m/nofp\libm.a
END GROUP
START GROUP
LOAD c:/st/stm32cubeide_1.11.2/stm32cubeide/plugins/com.st.stm32cube.ide.mcu.externaltools.gnu-tools-for-stm32.10.3-2021.10.win32_1.0.100.202210260954/tools/bin/../lib/gcc/arm-none-eabi/10.3.1/thumb/v7-m/nofp\libgcc.a
LOAD c:/st/stm32cubeide_1.11.2/stm32cubeide/plugins/com.st.stm32cube.ide.mcu.externaltools.gnu-tools-for-stm32.10.3-2021.10.win32_1.0.100.202210260954/tools/bin/../lib/gcc/arm-none-eabi/10.3.1/../../../../arm-none-eabi/lib/thumb/v7-m/nofp\libc_nano.a
END GROUP
START GROUP
LOAD c:/st/stm32cubeide_1.11.2/stm32cubeide/plugins/com.st.stm32cube.ide.mcu.externaltools.gnu-tools-for-stm32.10.3-2021.10.win32_1.0.100.202210260954/tools/bin/../lib/gcc/arm-none-eabi/10.3.1/thumb/v7-m/nofp\libgcc.a
LOAD c:/st/stm32cubeide_1.11.2/stm32cubeide/plugins/com.st.stm32cube.ide.mcu.externaltools.gnu-tools-for-stm32.10.3-2021.10.win32_1.0.100.202210260954/tools/bin/../lib/gcc/arm-none-eabi/10.3.1/../../../../arm-none-eabi/lib/thumb/v7-m/nofp\libc_nano.a
LOAD c:/st/stm32cubeide_1.11.2/stm32cubeide/plugins/com.st.stm32cube.ide.mcu.externaltools.gnu-tools-for-stm32.10.3-2021.10.win32_1.0.100.202210260954/tools/bin/../lib/gcc/arm-none-eabi/10.3.1/../../../../arm-none-eabi/lib/thumb/v7-m/nofp\libnosys.a
END GROUP
START GROUP
LOAD c:/st/stm32cubeide_1.11.2/stm32cubeide/plugins/com.st.stm32cube.ide.mcu.externaltools.gnu-tools-for-stm32.10.3-2021.10.win32_1.0.100.202210260954/tools/bin/../lib/gcc/arm-none-eabi/10.3.1/thumb/v7-m/nofp\libgcc.a
LOAD c:/st/stm32cubeide_1.11.2/stm32cubeide/plugins/com.st.stm32cube.ide.mcu.externaltools.gnu-tools-for-stm32.10.3-2021.10.win32_1.0.100.202210260954/tools/bin/../lib/gcc/arm-none-eabi/10.3.1/../../../../arm-none-eabi/lib/thumb/v7-m/nofp\libc_nano.a
LOAD c:/st/stm32cubeide_1.11.2/stm32cubeide/plugins/com.st.stm32cube.ide.mcu.externaltools.gnu-tools-for-stm32.10.3-2021.10.win32_1.0.100.202210260954/tools/bin/../lib/gcc/arm-none-eabi/10.3.1/../../../../arm-none-eabi/lib/thumb/v7-m/nofp\libnosys.a
END GROUP
LOAD c:/st/stm32cubeide_1.11.2/stm32cubeide/plugins/com.st.stm32cube.ide.mcu.externaltools.gnu-tools-for-stm32.10.3-2021.10.win32_1.0.100.202210260954/tools/bin/../lib/gcc/arm-none-eabi/10.3.1/thumb/v7-m/nofp/crtend.o
LOAD c:/st/stm32cubeide_1.11.2/stm32cubeide/plugins/com.st.stm32cube.ide.mcu.externaltools.gnu-tools-for-stm32.10.3-2021.10.win32_1.0.100.202210260954/tools/bin/../lib/gcc/arm-none-eabi/10.3.1/thumb/v7-m/nofp/crtn.o
                0x0000000020005000                _estack = (ORIGIN (RAM) + LENGTH (RAM))
                0x0000000000000200                _Min_Heap_Size = 0x200
                0x0000000000000400                _Min_Stack_Size = 0x400

.isr_vector     0x0000000008000000      0x10c
                0x0000000008000000                . = ALIGN (0x4)
 *(.isr_vector)
 .isr_vector    0x0000000008000000      0x10c ./Core/Startup/startup_stm32f103c8tx.o
                0x0000000008000000                g_pfnVectors
                0x000000000800010c                . = ALIGN (0x4)

.text           0x0000000008000110     0x4d90
                0x0000000008000110                . = ALIGN (0x4)
 *(.text)
 .text          0x0000000008000110       0x40 c:/st/stm32cubeide_1.11.2/stm32cubeide/plugins/com.st.stm32cube.ide.mcu.externaltools.gnu-tools-for-stm32.10.3-2021.10.win32_1.0.100.202210260954/tools/bin/../lib/gcc/arm-none-eabi/10.3.1/thumb/v7-m/nofp/crtbegin.o
 .text          0x0000000008000150      0x378 c:/st/stm32cubeide_1.11.2/stm32cubeide/plugins/com.st.stm32cube.ide.mcu.externaltools.gnu-tools-for-stm32.10.3-2021.10.win32_1.0.100.202210260954/tools/bin/../lib/gcc/arm-none-eabi/10.3.1/thumb/v7-m/nofp\libgcc.a(_arm_addsubdf3.o)
                0x0000000008000150                __aeabi_drsub
                0x0000000008000158                __aeabi_dsub
                0x0000000008000158                __subdf3
                0x000000000800015c                __aeabi_dadd
                0x000000000800015c                __adddf3
                0x00000000080003d4                __floatunsidf
                0x00000000080003d4                __aeabi_ui2d
                0x00000000080003f4                __floatsidf
                0x00000000080003f4                __aeabi_i2d
                0x0000000008000418                __aeabi_f2d
                0x0000000008000418                __extendsfdf2
                0x000000000800045c                __floatundidf
                0x000000000800045c                __aeabi_ul2d
                0x000000000800046c                __floatdidf
                0x000000000800046c                __aeabi_l2d
 .text          0x00000000080004c8      0x110 c:/st/stm32cubeide_1.11.2/stm32cubeide/plugins/com.st.stm32cube.ide.mcu.externaltools.gnu-tools-for-stm32.10.3-2021.10.win32_1.0.100.202210260954/tools/bin/../lib/gcc/arm-none-eabi/10.3.1/thumb/v7-m/nofp\libgcc.a(_arm_cmpdf2.o)
                0x00000000080004c8                __gtdf2
                0x00000000080004c8                __gedf2
                0x00000000080004d0                __ltdf2
                0x00000000080004d0                __ledf2
                0x00000000080004d8                __nedf2
                0x00000000080004d8                __eqdf2
                0x00000000080004d8                __cmpdf2
                0x0000000008000554                __aeabi_cdrcmple
                0x0000000008000564                __aeabi_cdcmpeq
                0x0000000008000564                __aeabi_cdcmple
                0x0000000008000574                __aeabi_dcmpeq
                0x0000000008000588                __aeabi_dcmplt
                0x000000000800059c                __aeabi_dcmple
                0x00000000080005b0                __aeabi_dcmpge
                0x00000000080005c4                __aeabi_dcmpgt
 .text          0x00000000080005d8      0x21c c:/st/stm32cubeide_1.11.2/stm32cubeide/plugins/com.st.stm32cube.ide.mcu.externaltools.gnu-tools-for-stm32.10.3-2021.10.win32_1.0.100.202210260954/tools/bin/../lib/gcc/arm-none-eabi/10.3.1/thumb/v7-m/nofp\libgcc.a(_arm_addsubsf3.o)
                0x00000000080005d8                __aeabi_frsub
                0x00000000080005e0                __subsf3
                0x00000000080005e0                __aeabi_fsub
                0x00000000080005e4                __aeabi_fadd
                0x00000000080005e4                __addsf3
                0x0000000008000744                __aeabi_ui2f
                0x0000000008000744                __floatunsisf
                0x000000000800074c                __aeabi_i2f
                0x000000000800074c                __floatsisf
                0x0000000008000768                __aeabi_ul2f
                0x0000000008000768                __floatundisf
                0x0000000008000778                __aeabi_l2f
                0x0000000008000778                __floatdisf
 .text          0x00000000080007f4      0x2a0 c:/st/stm32cubeide_1.11.2/stm32cubeide/plugins/com.st.stm32cube.ide.mcu.externaltools.gnu-tools-for-stm32.10.3-2021.10.win32_1.0.100.202210260954/tools/bin/../lib/gcc/arm-none-eabi/10.3.1/thumb/v7-m/nofp\libgcc.a(_arm_muldivsf3.o)
                0x00000000080007f4                __mulsf3
                0x00000000080007f4                __aeabi_fmul
                0x000000000800095c                __aeabi_fdiv
                0x000000000800095c                __divsf3
 *(.text*)
 .text.HAL_UART_RxCpltCallback
                0x0000000008000a94       0x5c ./Core/Src/main.o
                0x0000000008000a94                HAL_UART_RxCpltCallback
 .text.main     0x0000000008000af0       0x94 ./Core/Src/main.o
                0x0000000008000af0                main
 .text.SystemClock_Config
                0x0000000008000b84       0x8a ./Core/Src/main.o
                0x0000000008000b84                SystemClock_Config
 *fill*         0x0000000008000c0e        0x2 
 .text.MX_TIM2_Init
                0x0000000008000c10       0xec ./Core/Src/main.o
 .text.MX_USART1_UART_Init
                0x0000000008000cfc       0x54 ./Core/Src/main.o
 .text.MX_GPIO_Init
                0x0000000008000d50       0x7c ./Core/Src/main.o
 *fill*         0x0000000008000dcc        0x4 
 .text.normalRunning
                0x0000000008000dd0       0xa0 ./Core/Src/main.o
                0x0000000008000dd0                normalRunning
 .text.brakeWithABS
                0x0000000008000e70      0x100 ./Core/Src/main.o
                0x0000000008000e70                brakeWithABS
 .text.brakeWithoutABS
                0x0000000008000f70       0x5c ./Core/Src/main.o
                0x0000000008000f70                brakeWithoutABS
 .text.HAL_TIM_PeriodElapsedCallback
                0x0000000008000fcc       0x24 ./Core/Src/main.o
                0x0000000008000fcc                HAL_TIM_PeriodElapsedCallback
 .text.Error_Handler
                0x0000000008000ff0        0xa ./Core/Src/main.o
                0x0000000008000ff0                Error_Handler
 *fill*         0x0000000008000ffa        0x2 
 .text.HAL_MspInit
                0x0000000008000ffc       0x64 ./Core/Src/stm32f1xx_hal_msp.o
                0x0000000008000ffc                HAL_MspInit
 .text.HAL_TIM_Base_MspInit
                0x0000000008001060       0x38 ./Core/Src/stm32f1xx_hal_msp.o
                0x0000000008001060                HAL_TIM_Base_MspInit
 .text.HAL_TIM_MspPostInit
                0x0000000008001098       0x60 ./Core/Src/stm32f1xx_hal_msp.o
                0x0000000008001098                HAL_TIM_MspPostInit
 .text.HAL_UART_MspInit
                0x00000000080010f8       0xa8 ./Core/Src/stm32f1xx_hal_msp.o
                0x00000000080010f8                HAL_UART_MspInit
 .text.HAL_InitTick
                0x00000000080011a0       0xe4 ./Core/Src/stm32f1xx_hal_timebase_tim.o
                0x00000000080011a0                HAL_InitTick
 .text.NMI_Handler
                0x0000000008001284        0x6 ./Core/Src/stm32f1xx_it.o
                0x0000000008001284                NMI_Handler
 .text.HardFault_Handler
                0x000000000800128a        0x6 ./Core/Src/stm32f1xx_it.o
                0x000000000800128a                HardFault_Handler
 .text.MemManage_Handler
                0x0000000008001290        0x6 ./Core/Src/stm32f1xx_it.o
                0x0000000008001290                MemManage_Handler
 .text.BusFault_Handler
                0x0000000008001296        0x6 ./Core/Src/stm32f1xx_it.o
                0x0000000008001296                BusFault_Handler
 .text.UsageFault_Handler
                0x000000000800129c        0x6 ./Core/Src/stm32f1xx_it.o
                0x000000000800129c                UsageFault_Handler
 .text.DebugMon_Handler
                0x00000000080012a2        0xc ./Core/Src/stm32f1xx_it.o
                0x00000000080012a2                DebugMon_Handler
 *fill*         0x00000000080012ae        0x2 
 .text.TIM1_UP_IRQHandler
                0x00000000080012b0       0x14 ./Core/Src/stm32f1xx_it.o
                0x00000000080012b0                TIM1_UP_IRQHandler
 .text.USART1_IRQHandler
                0x00000000080012c4       0x14 ./Core/Src/stm32f1xx_it.o
                0x00000000080012c4                USART1_IRQHandler
 .text.SystemInit
                0x00000000080012d8        0xc ./Core/Src/system_stm32f1xx.o
                0x00000000080012d8                SystemInit
 .text.Reset_Handler
                0x00000000080012e4       0x48 ./Core/Startup/startup_stm32f103c8tx.o
                0x00000000080012e4                Reset_Handler
 .text.Default_Handler
                0x000000000800132c        0x2 ./Core/Startup/startup_stm32f103c8tx.o
                0x000000000800132c                RTC_Alarm_IRQHandler
                0x000000000800132c                EXTI2_IRQHandler
                0x000000000800132c                TIM1_CC_IRQHandler
                0x000000000800132c                PVD_IRQHandler
                0x000000000800132c                EXTI3_IRQHandler
                0x000000000800132c                EXTI0_IRQHandler
                0x000000000800132c                I2C2_EV_IRQHandler
                0x000000000800132c                ADC1_2_IRQHandler
                0x000000000800132c                SPI1_IRQHandler
                0x000000000800132c                TAMPER_IRQHandler
                0x000000000800132c                DMA1_Channel4_IRQHandler
                0x000000000800132c                USART3_IRQHandler
                0x000000000800132c                RTC_IRQHandler
                0x000000000800132c                DMA1_Channel7_IRQHandler
                0x000000000800132c                CAN1_RX1_IRQHandler
                0x000000000800132c                TIM4_IRQHandler
                0x000000000800132c                I2C1_EV_IRQHandler
                0x000000000800132c                DMA1_Channel6_IRQHandler
                0x000000000800132c                TIM3_IRQHandler
                0x000000000800132c                RCC_IRQHandler
                0x000000000800132c                TIM1_TRG_COM_IRQHandler
                0x000000000800132c                DMA1_Channel1_IRQHandler
                0x000000000800132c                Default_Handler
                0x000000000800132c                EXTI15_10_IRQHandler
                0x000000000800132c                EXTI9_5_IRQHandler
                0x000000000800132c                SPI2_IRQHandler
                0x000000000800132c                DMA1_Channel5_IRQHandler
                0x000000000800132c                EXTI4_IRQHandler
                0x000000000800132c                USB_LP_CAN1_RX0_IRQHandler
                0x000000000800132c                USB_HP_CAN1_TX_IRQHandler
                0x000000000800132c                DMA1_Channel3_IRQHandler
                0x000000000800132c                WWDG_IRQHandler
                0x000000000800132c                TIM2_IRQHandler
                0x000000000800132c                TIM1_BRK_IRQHandler
                0x000000000800132c                EXTI1_IRQHandler
                0x000000000800132c                USART2_IRQHandler
                0x000000000800132c                I2C2_ER_IRQHandler
                0x000000000800132c                DMA1_Channel2_IRQHandler
                0x000000000800132c                CAN1_SCE_IRQHandler
                0x000000000800132c                FLASH_IRQHandler
                0x000000000800132c                I2C1_ER_IRQHandler
                0x000000000800132c                USBWakeUp_IRQHandler
 *fill*         0x000000000800132e        0x2 
 .text.HAL_Init
                0x0000000008001330       0x2c ./Drivers/STM32F1xx_HAL_Driver/Src/stm32f1xx_hal.o
                0x0000000008001330                HAL_Init
 .text.HAL_IncTick
                0x000000000800135c       0x24 ./Drivers/STM32F1xx_HAL_Driver/Src/stm32f1xx_hal.o
                0x000000000800135c                HAL_IncTick
 .text.HAL_GetTick
                0x0000000008001380       0x14 ./Drivers/STM32F1xx_HAL_Driver/Src/stm32f1xx_hal.o
                0x0000000008001380                HAL_GetTick
 .text.__NVIC_SetPriorityGrouping
                0x0000000008001394       0x48 ./Drivers/STM32F1xx_HAL_Driver/Src/stm32f1xx_hal_cortex.o
 .text.__NVIC_GetPriorityGrouping
                0x00000000080013dc       0x1c ./Drivers/STM32F1xx_HAL_Driver/Src/stm32f1xx_hal_cortex.o
 .text.__NVIC_EnableIRQ
                0x00000000080013f8       0x38 ./Drivers/STM32F1xx_HAL_Driver/Src/stm32f1xx_hal_cortex.o
 .text.__NVIC_SetPriority
                0x0000000008001430       0x54 ./Drivers/STM32F1xx_HAL_Driver/Src/stm32f1xx_hal_cortex.o
 .text.NVIC_EncodePriority
                0x0000000008001484       0x64 ./Drivers/STM32F1xx_HAL_Driver/Src/stm32f1xx_hal_cortex.o
 .text.HAL_NVIC_SetPriorityGrouping
                0x00000000080014e8       0x16 ./Drivers/STM32F1xx_HAL_Driver/Src/stm32f1xx_hal_cortex.o
                0x00000000080014e8                HAL_NVIC_SetPriorityGrouping
 .text.HAL_NVIC_SetPriority
                0x00000000080014fe       0x38 ./Drivers/STM32F1xx_HAL_Driver/Src/stm32f1xx_hal_cortex.o
                0x00000000080014fe                HAL_NVIC_SetPriority
 .text.HAL_NVIC_EnableIRQ
                0x0000000008001536       0x1c ./Drivers/STM32F1xx_HAL_Driver/Src/stm32f1xx_hal_cortex.o
                0x0000000008001536                HAL_NVIC_EnableIRQ
 .text.HAL_DMA_Abort
                0x0000000008001552       0x74 ./Drivers/STM32F1xx_HAL_Driver/Src/stm32f1xx_hal_dma.o
                0x0000000008001552                HAL_DMA_Abort
 *fill*         0x00000000080015c6        0x2 
 .text.HAL_DMA_Abort_IT
                0x00000000080015c8       0xec ./Drivers/STM32F1xx_HAL_Driver/Src/stm32f1xx_hal_dma.o
                0x00000000080015c8                HAL_DMA_Abort_IT
 .text.HAL_GPIO_Init
                0x00000000080016b4      0x308 ./Drivers/STM32F1xx_HAL_Driver/Src/stm32f1xx_hal_gpio.o
                0x00000000080016b4                HAL_GPIO_Init
 .text.HAL_GPIO_WritePin
                0x00000000080019bc       0x30 ./Drivers/STM32F1xx_HAL_Driver/Src/stm32f1xx_hal_gpio.o
                0x00000000080019bc                HAL_GPIO_WritePin
 .text.HAL_RCC_OscConfig
                0x00000000080019ec      0x504 ./Drivers/STM32F1xx_HAL_Driver/Src/stm32f1xx_hal_rcc.o
                0x00000000080019ec                HAL_RCC_OscConfig
 .text.HAL_RCC_ClockConfig
                0x0000000008001ef0      0x1d4 ./Drivers/STM32F1xx_HAL_Driver/Src/stm32f1xx_hal_rcc.o
                0x0000000008001ef0                HAL_RCC_ClockConfig
 .text.HAL_RCC_GetSysClockFreq
                0x00000000080020c4       0xbc ./Drivers/STM32F1xx_HAL_Driver/Src/stm32f1xx_hal_rcc.o
                0x00000000080020c4                HAL_RCC_GetSysClockFreq
 .text.HAL_RCC_GetHCLKFreq
                0x0000000008002180       0x14 ./Drivers/STM32F1xx_HAL_Driver/Src/stm32f1xx_hal_rcc.o
                0x0000000008002180                HAL_RCC_GetHCLKFreq
 .text.HAL_RCC_GetPCLK1Freq
                0x0000000008002194       0x28 ./Drivers/STM32F1xx_HAL_Driver/Src/stm32f1xx_hal_rcc.o
                0x0000000008002194                HAL_RCC_GetPCLK1Freq
 .text.HAL_RCC_GetPCLK2Freq
                0x00000000080021bc       0x28 ./Drivers/STM32F1xx_HAL_Driver/Src/stm32f1xx_hal_rcc.o
                0x00000000080021bc                HAL_RCC_GetPCLK2Freq
 .text.HAL_RCC_GetClockConfig
                0x00000000080021e4       0x60 ./Drivers/STM32F1xx_HAL_Driver/Src/stm32f1xx_hal_rcc.o
                0x00000000080021e4                HAL_RCC_GetClockConfig
 .text.RCC_Delay
                0x0000000008002244       0x3c ./Drivers/STM32F1xx_HAL_Driver/Src/stm32f1xx_hal_rcc.o
 .text.HAL_TIM_Base_Init
                0x0000000008002280       0x9e ./Drivers/STM32F1xx_HAL_Driver/Src/stm32f1xx_hal_tim.o
                0x0000000008002280                HAL_TIM_Base_Init
 *fill*         0x000000000800231e        0x2 
 .text.HAL_TIM_Base_Start
                0x0000000008002320       0x94 ./Drivers/STM32F1xx_HAL_Driver/Src/stm32f1xx_hal_tim.o
                0x0000000008002320                HAL_TIM_Base_Start
 .text.HAL_TIM_Base_Start_IT
                0x00000000080023b4       0xa4 ./Drivers/STM32F1xx_HAL_Driver/Src/stm32f1xx_hal_tim.o
                0x00000000080023b4                HAL_TIM_Base_Start_IT
 .text.HAL_TIM_PWM_Init
                0x0000000008002458       0x9e ./Drivers/STM32F1xx_HAL_Driver/Src/stm32f1xx_hal_tim.o
                0x0000000008002458                HAL_TIM_PWM_Init
 .text.HAL_TIM_PWM_MspInit
                0x00000000080024f6       0x12 ./Drivers/STM32F1xx_HAL_Driver/Src/stm32f1xx_hal_tim.o
                0x00000000080024f6                HAL_TIM_PWM_MspInit
 .text.HAL_TIM_PWM_Start
                0x0000000008002508      0x144 ./Drivers/STM32F1xx_HAL_Driver/Src/stm32f1xx_hal_tim.o
                0x0000000008002508                HAL_TIM_PWM_Start
 .text.HAL_TIM_IRQHandler
                0x000000000800264c      0x210 ./Drivers/STM32F1xx_HAL_Driver/Src/stm32f1xx_hal_tim.o
                0x000000000800264c                HAL_TIM_IRQHandler
 .text.HAL_TIM_PWM_ConfigChannel
                0x000000000800285c      0x17c ./Drivers/STM32F1xx_HAL_Driver/Src/stm32f1xx_hal_tim.o
                0x000000000800285c                HAL_TIM_PWM_ConfigChannel
 .text.HAL_TIM_ConfigClockSource
                0x00000000080029d8      0x188 ./Drivers/STM32F1xx_HAL_Driver/Src/stm32f1xx_hal_tim.o
                0x00000000080029d8                HAL_TIM_ConfigClockSource
 .text.HAL_TIM_OC_DelayElapsedCallback
                0x0000000008002b60       0x12 ./Drivers/STM32F1xx_HAL_Driver/Src/stm32f1xx_hal_tim.o
                0x0000000008002b60                HAL_TIM_OC_DelayElapsedCallback
 .text.HAL_TIM_IC_CaptureCallback
                0x0000000008002b72       0x12 ./Drivers/STM32F1xx_HAL_Driver/Src/stm32f1xx_hal_tim.o
                0x0000000008002b72                HAL_TIM_IC_CaptureCallback
 .text.HAL_TIM_PWM_PulseFinishedCallback
                0x0000000008002b84       0x12 ./Drivers/STM32F1xx_HAL_Driver/Src/stm32f1xx_hal_tim.o
                0x0000000008002b84                HAL_TIM_PWM_PulseFinishedCallback
 .text.HAL_TIM_TriggerCallback
                0x0000000008002b96       0x12 ./Drivers/STM32F1xx_HAL_Driver/Src/stm32f1xx_hal_tim.o
                0x0000000008002b96                HAL_TIM_TriggerCallback
 .text.TIM_Base_SetConfig
                0x0000000008002ba8       0xc4 ./Drivers/STM32F1xx_HAL_Driver/Src/stm32f1xx_hal_tim.o
                0x0000000008002ba8                TIM_Base_SetConfig
 .text.TIM_OC1_SetConfig
                0x0000000008002c6c       0xcc ./Drivers/STM32F1xx_HAL_Driver/Src/stm32f1xx_hal_tim.o
 .text.TIM_OC2_SetConfig
                0x0000000008002d38       0xd4 ./Drivers/STM32F1xx_HAL_Driver/Src/stm32f1xx_hal_tim.o
                0x0000000008002d38                TIM_OC2_SetConfig
 .text.TIM_OC3_SetConfig
                0x0000000008002e0c       0xd4 ./Drivers/STM32F1xx_HAL_Driver/Src/stm32f1xx_hal_tim.o
 .text.TIM_OC4_SetConfig
                0x0000000008002ee0       0x9c ./Drivers/STM32F1xx_HAL_Driver/Src/stm32f1xx_hal_tim.o
 .text.TIM_TI1_ConfigInputStage
                0x0000000008002f7c       0x5c ./Drivers/STM32F1xx_HAL_Driver/Src/stm32f1xx_hal_tim.o
 .text.TIM_TI2_ConfigInputStage
                0x0000000008002fd8       0x5e ./Drivers/STM32F1xx_HAL_Driver/Src/stm32f1xx_hal_tim.o
 .text.TIM_ITRx_SetConfig
                0x0000000008003036       0x34 ./Drivers/STM32F1xx_HAL_Driver/Src/stm32f1xx_hal_tim.o
 .text.TIM_ETR_SetConfig
                0x000000000800306a       0x3e ./Drivers/STM32F1xx_HAL_Driver/Src/stm32f1xx_hal_tim.o
                0x000000000800306a                TIM_ETR_SetConfig
 .text.TIM_CCxChannelCmd
                0x00000000080030a8       0x48 ./Drivers/STM32F1xx_HAL_Driver/Src/stm32f1xx_hal_tim.o
                0x00000000080030a8                TIM_CCxChannelCmd
 .text.HAL_TIMEx_MasterConfigSynchronization
                0x00000000080030f0       0xbc ./Drivers/STM32F1xx_HAL_Driver/Src/stm32f1xx_hal_tim_ex.o
                0x00000000080030f0                HAL_TIMEx_MasterConfigSynchronization
 .text.HAL_TIMEx_CommutCallback
                0x00000000080031ac       0x12 ./Drivers/STM32F1xx_HAL_Driver/Src/stm32f1xx_hal_tim_ex.o
                0x00000000080031ac                HAL_TIMEx_CommutCallback
 .text.HAL_TIMEx_BreakCallback
                0x00000000080031be       0x12 ./Drivers/STM32F1xx_HAL_Driver/Src/stm32f1xx_hal_tim_ex.o
                0x00000000080031be                HAL_TIMEx_BreakCallback
 .text.HAL_UART_Init
                0x00000000080031d0       0x9a ./Drivers/STM32F1xx_HAL_Driver/Src/stm32f1xx_hal_uart.o
                0x00000000080031d0                HAL_UART_Init
 .text.HAL_UART_Receive_IT
                0x000000000800326a       0x60 ./Drivers/STM32F1xx_HAL_Driver/Src/stm32f1xx_hal_uart.o
                0x000000000800326a                HAL_UART_Receive_IT
 *fill*         0x00000000080032ca        0x2 
 .text.HAL_UART_IRQHandler
                0x00000000080032cc      0x354 ./Drivers/STM32F1xx_HAL_Driver/Src/stm32f1xx_hal_uart.o
                0x00000000080032cc                HAL_UART_IRQHandler
 .text.HAL_UART_TxCpltCallback
                0x0000000008003620       0x12 ./Drivers/STM32F1xx_HAL_Driver/Src/stm32f1xx_hal_uart.o
                0x0000000008003620                HAL_UART_TxCpltCallback
 .text.HAL_UART_ErrorCallback
                0x0000000008003632       0x12 ./Drivers/STM32F1xx_HAL_Driver/Src/stm32f1xx_hal_uart.o
                0x0000000008003632                HAL_UART_ErrorCallback
 .text.HAL_UARTEx_RxEventCallback
                0x0000000008003644       0x16 ./Drivers/STM32F1xx_HAL_Driver/Src/stm32f1xx_hal_uart.o
                0x0000000008003644                HAL_UARTEx_RxEventCallback
 .text.UART_Start_Receive_IT
                0x000000000800365a       0x72 ./Drivers/STM32F1xx_HAL_Driver/Src/stm32f1xx_hal_uart.o
                0x000000000800365a                UART_Start_Receive_IT
 .text.UART_EndRxTransfer
                0x00000000080036cc       0x58 ./Drivers/STM32F1xx_HAL_Driver/Src/stm32f1xx_hal_uart.o
 .text.UART_DMAAbortOnError
                0x0000000008003724       0x28 ./Drivers/STM32F1xx_HAL_Driver/Src/stm32f1xx_hal_uart.o
 .text.UART_Transmit_IT
                0x000000000800374c       0x9e ./Drivers/STM32F1xx_HAL_Driver/Src/stm32f1xx_hal_uart.o
 .text.UART_EndTransmit_IT
                0x00000000080037ea       0x30 ./Drivers/STM32F1xx_HAL_Driver/Src/stm32f1xx_hal_uart.o
 .text.UART_Receive_IT
                0x000000000800381a      0x152 ./Drivers/STM32F1xx_HAL_Driver/Src/stm32f1xx_hal_uart.o
 .text.UART_SetConfig
                0x000000000800396c      0x11c ./Drivers/STM32F1xx_HAL_Driver/Src/stm32f1xx_hal_uart.o
 .text.vListInitialise
                0x0000000008003a88       0x3e ./ThirdParty/FreeRTOSv202112.00/list.o
                0x0000000008003a88                vListInitialise
 .text.vListInitialiseItem
                0x0000000008003ac6       0x18 ./ThirdParty/FreeRTOSv202112.00/list.o
                0x0000000008003ac6                vListInitialiseItem
 .text.vListInsertEnd
                0x0000000008003ade       0x46 ./ThirdParty/FreeRTOSv202112.00/list.o
                0x0000000008003ade                vListInsertEnd
 .text.vListInsert
                0x0000000008003b24       0x70 ./ThirdParty/FreeRTOSv202112.00/list.o
                0x0000000008003b24                vListInsert
 .text.uxListRemove
                0x0000000008003b94       0x52 ./ThirdParty/FreeRTOSv202112.00/list.o
                0x0000000008003b94                uxListRemove
 .text.xTaskCreate
                0x0000000008003be6       0x82 ./ThirdParty/FreeRTOSv202112.00/tasks.o
                0x0000000008003be6                xTaskCreate
 .text.prvInitialiseNewTask
                0x0000000008003c68       0xf0 ./ThirdParty/FreeRTOSv202112.00/tasks.o
 .text.prvAddNewTaskToReadyList
                0x0000000008003d58      0x124 ./ThirdParty/FreeRTOSv202112.00/tasks.o
 .text.vTaskDelay
                0x0000000008003e7c       0x48 ./ThirdParty/FreeRTOSv202112.00/tasks.o
                0x0000000008003e7c                vTaskDelay
 .text.vTaskSuspend
                0x0000000008003ec4      0x11c ./ThirdParty/FreeRTOSv202112.00/tasks.o
                0x0000000008003ec4                vTaskSuspend
 .text.prvTaskIsTaskSuspended
                0x0000000008003fe0       0x44 ./ThirdParty/FreeRTOSv202112.00/tasks.o
 .text.vTaskResume
                0x0000000008004024       0xf0 ./ThirdParty/FreeRTOSv202112.00/tasks.o
                0x0000000008004024                vTaskResume
 .text.vTaskStartScheduler
                0x0000000008004114       0x78 ./ThirdParty/FreeRTOSv202112.00/tasks.o
                0x0000000008004114                vTaskStartScheduler
 .text.vTaskSuspendAll
                0x000000000800418c       0x1c ./ThirdParty/FreeRTOSv202112.00/tasks.o
                0x000000000800418c                vTaskSuspendAll
 .text.xTaskResumeAll
                0x00000000080041a8      0x1d8 ./ThirdParty/FreeRTOSv202112.00/tasks.o
                0x00000000080041a8                xTaskResumeAll
 .text.xTaskIncrementTick
                0x0000000008004380      0x20c ./ThirdParty/FreeRTOSv202112.00/tasks.o
                0x0000000008004380                xTaskIncrementTick
 .text.vTaskSwitchContext
                0x000000000800458c       0x8c ./ThirdParty/FreeRTOSv202112.00/tasks.o
                0x000000000800458c                vTaskSwitchContext
 .text.prvIdleTask
                0x0000000008004618       0x30 ./ThirdParty/FreeRTOSv202112.00/tasks.o
 .text.prvInitialiseTaskLists
                0x0000000008004648       0x80 ./ThirdParty/FreeRTOSv202112.00/tasks.o
 .text.prvCheckTasksWaitingTermination
                0x00000000080046c8       0x5c ./ThirdParty/FreeRTOSv202112.00/tasks.o
 .text.prvDeleteTCB
                0x0000000008004724       0x20 ./ThirdParty/FreeRTOSv202112.00/tasks.o
 .text.prvResetNextTaskUnblockTime
                0x0000000008004744       0x34 ./ThirdParty/FreeRTOSv202112.00/tasks.o
 .text.prvAddCurrentTaskToDelayedList
                0x0000000008004778      0x100 ./ThirdParty/FreeRTOSv202112.00/tasks.o
 .text.pxPortInitialiseStack
                0x0000000008004878       0x58 ./ThirdParty/FreeRTOSv202112.00/portable/GCC/ARM_CM3/port.o
                0x0000000008004878                pxPortInitialiseStack
 .text.prvTaskExitError
                0x00000000080048d0       0x32 ./ThirdParty/FreeRTOSv202112.00/portable/GCC/ARM_CM3/port.o
 *fill*         0x0000000008004902        0xe 
 .text.SVC_Handler
                0x0000000008004910       0x28 ./ThirdParty/FreeRTOSv202112.00/portable/GCC/ARM_CM3/port.o
                0x0000000008004910                SVC_Handler
 .text.prvPortStartFirstTask
                0x0000000008004938       0x24 ./ThirdParty/FreeRTOSv202112.00/portable/GCC/ARM_CM3/port.o
 .text.xPortStartScheduler
                0x000000000800495c       0x40 ./ThirdParty/FreeRTOSv202112.00/portable/GCC/ARM_CM3/port.o
                0x000000000800495c                xPortStartScheduler
 .text.vPortEnterCritical
                0x000000000800499c       0x34 ./ThirdParty/FreeRTOSv202112.00/portable/GCC/ARM_CM3/port.o
                0x000000000800499c                vPortEnterCritical
 .text.vPortExitCritical
                0x00000000080049d0       0x34 ./ThirdParty/FreeRTOSv202112.00/portable/GCC/ARM_CM3/port.o
                0x00000000080049d0                vPortExitCritical
 *fill*         0x0000000008004a04        0xc 
 .text.PendSV_Handler
                0x0000000008004a10       0x48 ./ThirdParty/FreeRTOSv202112.00/portable/GCC/ARM_CM3/port.o
                0x0000000008004a10                PendSV_Handler
 .text.SysTick_Handler
                0x0000000008004a58       0x44 ./ThirdParty/FreeRTOSv202112.00/portable/GCC/ARM_CM3/port.o
                0x0000000008004a58                SysTick_Handler
 .text.vPortSetupTimerInterrupt
                0x0000000008004a9c       0x44 ./ThirdParty/FreeRTOSv202112.00/portable/GCC/ARM_CM3/port.o
                0x0000000008004a9c                vPortSetupTimerInterrupt
 .text.pvPortMalloc
                0x0000000008004ae0      0x15c ./ThirdParty/FreeRTOSv202112.00/portable/MemMang/heap_4.o
                0x0000000008004ae0                pvPortMalloc
 .text.vPortFree
                0x0000000008004c3c       0x80 ./ThirdParty/FreeRTOSv202112.00/portable/MemMang/heap_4.o
                0x0000000008004c3c                vPortFree
 .text.prvHeapInit
                0x0000000008004cbc       0xc4 ./ThirdParty/FreeRTOSv202112.00/portable/MemMang/heap_4.o
 .text.prvInsertBlockIntoFreeList
                0x0000000008004d80       0xb0 ./ThirdParty/FreeRTOSv202112.00/portable/MemMang/heap_4.o
 .text.__libc_init_array
                0x0000000008004e30       0x48 c:/st/stm32cubeide_1.11.2/stm32cubeide/plugins/com.st.stm32cube.ide.mcu.externaltools.gnu-tools-for-stm32.10.3-2021.10.win32_1.0.100.202210260954/tools/bin/../lib/gcc/arm-none-eabi/10.3.1/../../../../arm-none-eabi/lib/thumb/v7-m/nofp\libc_nano.a(lib_a-init.o)
                0x0000000008004e30                __libc_init_array
 .text.memset   0x0000000008004e78       0x10 c:/st/stm32cubeide_1.11.2/stm32cubeide/plugins/com.st.stm32cube.ide.mcu.externaltools.gnu-tools-for-stm32.10.3-2021.10.win32_1.0.100.202210260954/tools/bin/../lib/gcc/arm-none-eabi/10.3.1/../../../../arm-none-eabi/lib/thumb/v7-m/nofp\libc_nano.a(lib_a-memset.o)
                0x0000000008004e78                memset
 *(.glue_7)
 .glue_7        0x0000000008004e88        0x0 linker stubs
 *(.glue_7t)
 .glue_7t       0x0000000008004e88        0x0 linker stubs
 *(.eh_frame)
 .eh_frame      0x0000000008004e88        0x0 c:/st/stm32cubeide_1.11.2/stm32cubeide/plugins/com.st.stm32cube.ide.mcu.externaltools.gnu-tools-for-stm32.10.3-2021.10.win32_1.0.100.202210260954/tools/bin/../lib/gcc/arm-none-eabi/10.3.1/thumb/v7-m/nofp/crtbegin.o
 *(.init)
 .init          0x0000000008004e88        0x4 c:/st/stm32cubeide_1.11.2/stm32cubeide/plugins/com.st.stm32cube.ide.mcu.externaltools.gnu-tools-for-stm32.10.3-2021.10.win32_1.0.100.202210260954/tools/bin/../lib/gcc/arm-none-eabi/10.3.1/thumb/v7-m/nofp/crti.o
                0x0000000008004e88                _init
 .init          0x0000000008004e8c        0x8 c:/st/stm32cubeide_1.11.2/stm32cubeide/plugins/com.st.stm32cube.ide.mcu.externaltools.gnu-tools-for-stm32.10.3-2021.10.win32_1.0.100.202210260954/tools/bin/../lib/gcc/arm-none-eabi/10.3.1/thumb/v7-m/nofp/crtn.o
 *(.fini)
 .fini          0x0000000008004e94        0x4 c:/st/stm32cubeide_1.11.2/stm32cubeide/plugins/com.st.stm32cube.ide.mcu.externaltools.gnu-tools-for-stm32.10.3-2021.10.win32_1.0.100.202210260954/tools/bin/../lib/gcc/arm-none-eabi/10.3.1/thumb/v7-m/nofp/crti.o
                0x0000000008004e94                _fini
 .fini          0x0000000008004e98        0x8 c:/st/stm32cubeide_1.11.2/stm32cubeide/plugins/com.st.stm32cube.ide.mcu.externaltools.gnu-tools-for-stm32.10.3-2021.10.win32_1.0.100.202210260954/tools/bin/../lib/gcc/arm-none-eabi/10.3.1/thumb/v7-m/nofp/crtn.o
                0x0000000008004ea0                . = ALIGN (0x4)
                0x0000000008004ea0                _etext = .

.vfp11_veneer   0x0000000008004ea0        0x0
 .vfp11_veneer  0x0000000008004ea0        0x0 linker stubs

.v4_bx          0x0000000008004ea0        0x0
 .v4_bx         0x0000000008004ea0        0x0 linker stubs

.iplt           0x0000000008004ea0        0x0
 .iplt          0x0000000008004ea0        0x0 c:/st/stm32cubeide_1.11.2/stm32cubeide/plugins/com.st.stm32cube.ide.mcu.externaltools.gnu-tools-for-stm32.10.3-2021.10.win32_1.0.100.202210260954/tools/bin/../lib/gcc/arm-none-eabi/10.3.1/thumb/v7-m/nofp/crtbegin.o

.rodata         0x0000000008004ea0       0x64
                0x0000000008004ea0                . = ALIGN (0x4)
 *(.rodata)
 .rodata        0x0000000008004ea0       0x32 ./Core/Src/main.o
 *fill*         0x0000000008004ed2        0x2 
 .rodata        0x0000000008004ed4       0x10 ./Drivers/STM32F1xx_HAL_Driver/Src/stm32f1xx_hal_rcc.o
 .rodata        0x0000000008004ee4        0x5 ./ThirdParty/FreeRTOSv202112.00/tasks.o
 *(.rodata*)
 *fill*         0x0000000008004ee9        0x3 
 .rodata.AHBPrescTable
                0x0000000008004eec       0x10 ./Core/Src/system_stm32f1xx.o
                0x0000000008004eec                AHBPrescTable
 .rodata.APBPrescTable
                0x0000000008004efc        0x8 ./Core/Src/system_stm32f1xx.o
                0x0000000008004efc                APBPrescTable
                0x0000000008004f04                . = ALIGN (0x4)

.rel.dyn        0x0000000008004f04        0x0
 .rel.iplt      0x0000000008004f04        0x0 c:/st/stm32cubeide_1.11.2/stm32cubeide/plugins/com.st.stm32cube.ide.mcu.externaltools.gnu-tools-for-stm32.10.3-2021.10.win32_1.0.100.202210260954/tools/bin/../lib/gcc/arm-none-eabi/10.3.1/thumb/v7-m/nofp/crtbegin.o

.ARM.extab      0x0000000008004f04        0x0
                0x0000000008004f04                . = ALIGN (0x4)
 *(.ARM.extab* .gnu.linkonce.armextab.*)
                0x0000000008004f04                . = ALIGN (0x4)

.ARM            0x0000000008004f04        0x0
                0x0000000008004f04                . = ALIGN (0x4)
                0x0000000008004f04                __exidx_start = .
 *(.ARM.exidx*)
                0x0000000008004f04                __exidx_end = .
                0x0000000008004f04                . = ALIGN (0x4)

.preinit_array  0x0000000008004f04        0x0
                0x0000000008004f04                . = ALIGN (0x4)
                0x0000000008004f04                PROVIDE (__preinit_array_start = .)
 *(.preinit_array*)
                0x0000000008004f04                PROVIDE (__preinit_array_end = .)
                0x0000000008004f04                . = ALIGN (0x4)

.init_array     0x0000000008004f04        0x4
                0x0000000008004f04                . = ALIGN (0x4)
                0x0000000008004f04                PROVIDE (__init_array_start = .)
 *(SORT_BY_NAME(.init_array.*))
 *(.init_array*)
 .init_array    0x0000000008004f04        0x4 c:/st/stm32cubeide_1.11.2/stm32cubeide/plugins/com.st.stm32cube.ide.mcu.externaltools.gnu-tools-for-stm32.10.3-2021.10.win32_1.0.100.202210260954/tools/bin/../lib/gcc/arm-none-eabi/10.3.1/thumb/v7-m/nofp/crtbegin.o
                0x0000000008004f08                PROVIDE (__init_array_end = .)
                0x0000000008004f08                . = ALIGN (0x4)

.fini_array     0x0000000008004f08        0x4
                0x0000000008004f08                . = ALIGN (0x4)
                [!provide]                        PROVIDE (__fini_array_start = .)
 *(SORT_BY_NAME(.fini_array.*))
 *(.fini_array*)
 .fini_array    0x0000000008004f08        0x4 c:/st/stm32cubeide_1.11.2/stm32cubeide/plugins/com.st.stm32cube.ide.mcu.externaltools.gnu-tools-for-stm32.10.3-2021.10.win32_1.0.100.202210260954/tools/bin/../lib/gcc/arm-none-eabi/10.3.1/thumb/v7-m/nofp/crtbegin.o
                [!provide]                        PROVIDE (__fini_array_end = .)
                0x0000000008004f0c                . = ALIGN (0x4)
                0x0000000008004f0c                _sidata = LOADADDR (.data)

.data           0x0000000020000000       0x18 load address 0x0000000008004f0c
                0x0000000020000000                . = ALIGN (0x4)
                0x0000000020000000                _sdata = .
 *(.data)
 *(.data*)
 .data.vehicleSpeed
                0x0000000020000000        0x1 ./Core/Src/main.o
                0x0000000020000000                vehicleSpeed
 *fill*         0x0000000020000001        0x3 
 .data.SystemCoreClock
                0x0000000020000004        0x4 ./Core/Src/system_stm32f1xx.o
                0x0000000020000004                SystemCoreClock
 .data.uwTickPrio
                0x0000000020000008        0x4 ./Drivers/STM32F1xx_HAL_Driver/Src/stm32f1xx_hal.o
                0x0000000020000008                uwTickPrio
 .data.uwTickFreq
                0x000000002000000c        0x1 ./Drivers/STM32F1xx_HAL_Driver/Src/stm32f1xx_hal.o
                0x000000002000000c                uwTickFreq
 *fill*         0x000000002000000d        0x3 
 .data.uxTopUsedPriority
                0x0000000020000010        0x4 ./ThirdParty/FreeRTOSv202112.00/tasks.o
                0x0000000020000010                uxTopUsedPriority
 .data.uxCriticalNesting
                0x0000000020000014        0x4 ./ThirdParty/FreeRTOSv202112.00/portable/GCC/ARM_CM3/port.o
 *(.RamFunc)
 *(.RamFunc*)
                0x0000000020000018                . = ALIGN (0x4)
                0x0000000020000018                _edata = .

.igot.plt       0x0000000020000018        0x0 load address 0x0000000008004f24
 .igot.plt      0x0000000020000018        0x0 c:/st/stm32cubeide_1.11.2/stm32cubeide/plugins/com.st.stm32cube.ide.mcu.externaltools.gnu-tools-for-stm32.10.3-2021.10.win32_1.0.100.202210260954/tools/bin/../lib/gcc/arm-none-eabi/10.3.1/thumb/v7-m/nofp/crtbegin.o
                0x0000000020000018                . = ALIGN (0x4)

.bss            0x0000000020000018     0x2a2c load address 0x0000000008004f24
                0x0000000020000018                _sbss = .
                0x0000000020000018                __bss_start__ = _sbss
 *(.bss)
 .bss           0x0000000020000018       0x1c c:/st/stm32cubeide_1.11.2/stm32cubeide/plugins/com.st.stm32cube.ide.mcu.externaltools.gnu-tools-for-stm32.10.3-2021.10.win32_1.0.100.202210260954/tools/bin/../lib/gcc/arm-none-eabi/10.3.1/thumb/v7-m/nofp/crtbegin.o
 *(.bss*)
 .bss.htim2     0x0000000020000034       0x48 ./Core/Src/main.o
                0x0000000020000034                htim2
 .bss.huart1    0x000000002000007c       0x44 ./Core/Src/main.o
                0x000000002000007c                huart1
 .bss.wheelSpeed
                0x00000000200000c0        0x1 ./Core/Src/main.o
                0x00000000200000c0                wheelSpeed
 *fill*         0x00000000200000c1        0x3 
 .bss.slip_ratio
                0x00000000200000c4        0x4 ./Core/Src/main.o
                0x00000000200000c4                slip_ratio
 .bss.normalRunning_handle
                0x00000000200000c8        0x4 ./Core/Src/main.o
                0x00000000200000c8                normalRunning_handle
 .bss.abs_handle
                0x00000000200000cc        0x4 ./Core/Src/main.o
                0x00000000200000cc                abs_handle
 .bss.no_abs_handle
                0x00000000200000d0        0x4 ./Core/Src/main.o
                0x00000000200000d0                no_abs_handle
 .bss.htim1     0x00000000200000d4       0x48 ./Core/Src/stm32f1xx_hal_timebase_tim.o
                0x00000000200000d4                htim1
 .bss.uwTick    0x000000002000011c        0x4 ./Drivers/STM32F1xx_HAL_Driver/Src/stm32f1xx_hal.o
                0x000000002000011c                uwTick
 .bss.pxCurrentTCB
                0x0000000020000120        0x4 ./ThirdParty/FreeRTOSv202112.00/tasks.o
                0x0000000020000120                pxCurrentTCB
 .bss.pxReadyTasksLists
                0x0000000020000124       0x64 ./ThirdParty/FreeRTOSv202112.00/tasks.o
 .bss.xDelayedTaskList1
                0x0000000020000188       0x14 ./ThirdParty/FreeRTOSv202112.00/tasks.o
 .bss.xDelayedTaskList2
                0x000000002000019c       0x14 ./ThirdParty/FreeRTOSv202112.00/tasks.o
 .bss.pxDelayedTaskList
                0x00000000200001b0        0x4 ./ThirdParty/FreeRTOSv202112.00/tasks.o
 .bss.pxOverflowDelayedTaskList
                0x00000000200001b4        0x4 ./ThirdParty/FreeRTOSv202112.00/tasks.o
 .bss.xPendingReadyList
                0x00000000200001b8       0x14 ./ThirdParty/FreeRTOSv202112.00/tasks.o
 .bss.xTasksWaitingTermination
                0x00000000200001cc       0x14 ./ThirdParty/FreeRTOSv202112.00/tasks.o
 .bss.uxDeletedTasksWaitingCleanUp
                0x00000000200001e0        0x4 ./ThirdParty/FreeRTOSv202112.00/tasks.o
 .bss.xSuspendedTaskList
                0x00000000200001e4       0x14 ./ThirdParty/FreeRTOSv202112.00/tasks.o
 .bss.uxCurrentNumberOfTasks
                0x00000000200001f8        0x4 ./ThirdParty/FreeRTOSv202112.00/tasks.o
 .bss.xTickCount
                0x00000000200001fc        0x4 ./ThirdParty/FreeRTOSv202112.00/tasks.o
 .bss.uxTopReadyPriority
                0x0000000020000200        0x4 ./ThirdParty/FreeRTOSv202112.00/tasks.o
 .bss.xSchedulerRunning
                0x0000000020000204        0x4 ./ThirdParty/FreeRTOSv202112.00/tasks.o
 .bss.xPendedTicks
                0x0000000020000208        0x4 ./ThirdParty/FreeRTOSv202112.00/tasks.o
 .bss.xYieldPending
                0x000000002000020c        0x4 ./ThirdParty/FreeRTOSv202112.00/tasks.o
 .bss.xNumOfOverflows
                0x0000000020000210        0x4 ./ThirdParty/FreeRTOSv202112.00/tasks.o
 .bss.uxTaskNumber
                0x0000000020000214        0x4 ./ThirdParty/FreeRTOSv202112.00/tasks.o
 .bss.xNextTaskUnblockTime
                0x0000000020000218        0x4 ./ThirdParty/FreeRTOSv202112.00/tasks.o
 .bss.xIdleTaskHandle
                0x000000002000021c        0x4 ./ThirdParty/FreeRTOSv202112.00/tasks.o
 .bss.uxSchedulerSuspended
                0x0000000020000220        0x4 ./ThirdParty/FreeRTOSv202112.00/tasks.o
 .bss.ucHeap    0x0000000020000224     0x2800 ./ThirdParty/FreeRTOSv202112.00/portable/MemMang/heap_4.o
 .bss.xStart    0x0000000020002a24        0x8 ./ThirdParty/FreeRTOSv202112.00/portable/MemMang/heap_4.o
 .bss.pxEnd     0x0000000020002a2c        0x4 ./ThirdParty/FreeRTOSv202112.00/portable/MemMang/heap_4.o
 .bss.xFreeBytesRemaining
                0x0000000020002a30        0x4 ./ThirdParty/FreeRTOSv202112.00/portable/MemMang/heap_4.o
 .bss.xMinimumEverFreeBytesRemaining
                0x0000000020002a34        0x4 ./ThirdParty/FreeRTOSv202112.00/portable/MemMang/heap_4.o
 .bss.xNumberOfSuccessfulAllocations
                0x0000000020002a38        0x4 ./ThirdParty/FreeRTOSv202112.00/portable/MemMang/heap_4.o
 .bss.xNumberOfSuccessfulFrees
                0x0000000020002a3c        0x4 ./ThirdParty/FreeRTOSv202112.00/portable/MemMang/heap_4.o
 .bss.xBlockAllocatedBit
                0x0000000020002a40        0x4 ./ThirdParty/FreeRTOSv202112.00/portable/MemMang/heap_4.o
 *(COMMON)
                0x0000000020002a44                . = ALIGN (0x4)
                0x0000000020002a44                _ebss = .
                0x0000000020002a44                __bss_end__ = _ebss

._user_heap_stack
                0x0000000020002a44      0x604 load address 0x0000000008004f24
                0x0000000020002a48                . = ALIGN (0x8)
 *fill*         0x0000000020002a44        0x4 
                [!provide]                        PROVIDE (end = .)
                [!provide]                        PROVIDE (_end = .)
                0x0000000020002c48                . = (. + _Min_Heap_Size)
 *fill*         0x0000000020002a48      0x200 
                0x0000000020003048                . = (. + _Min_Stack_Size)
 *fill*         0x0000000020002c48      0x400 
                0x0000000020003048                . = ALIGN (0x8)

/DISCARD/
 libc.a(*)
 libm.a(*)
 libgcc.a(*)

.ARM.attributes
                0x0000000000000000       0x29
 *(.ARM.attributes)
 .ARM.attributes
                0x0000000000000000       0x1d c:/st/stm32cubeide_1.11.2/stm32cubeide/plugins/com.st.stm32cube.ide.mcu.externaltools.gnu-tools-for-stm32.10.3-2021.10.win32_1.0.100.202210260954/tools/bin/../lib/gcc/arm-none-eabi/10.3.1/thumb/v7-m/nofp/crti.o
 .ARM.attributes
                0x000000000000001d       0x2d c:/st/stm32cubeide_1.11.2/stm32cubeide/plugins/com.st.stm32cube.ide.mcu.externaltools.gnu-tools-for-stm32.10.3-2021.10.win32_1.0.100.202210260954/tools/bin/../lib/gcc/arm-none-eabi/10.3.1/thumb/v7-m/nofp/crtbegin.o
 .ARM.attributes
                0x000000000000004a       0x2d ./Core/Src/main.o
 .ARM.attributes
                0x0000000000000077       0x2d ./Core/Src/stm32f1xx_hal_msp.o
 .ARM.attributes
                0x00000000000000a4       0x2d ./Core/Src/stm32f1xx_hal_timebase_tim.o
 .ARM.attributes
                0x00000000000000d1       0x2d ./Core/Src/stm32f1xx_it.o
 .ARM.attributes
                0x00000000000000fe       0x2d ./Core/Src/system_stm32f1xx.o
 .ARM.attributes
                0x000000000000012b       0x21 ./Core/Startup/startup_stm32f103c8tx.o
 .ARM.attributes
                0x000000000000014c       0x2d ./Drivers/STM32F1xx_HAL_Driver/Src/stm32f1xx_hal.o
 .ARM.attributes
                0x0000000000000179       0x2d ./Drivers/STM32F1xx_HAL_Driver/Src/stm32f1xx_hal_cortex.o
 .ARM.attributes
                0x00000000000001a6       0x2d ./Drivers/STM32F1xx_HAL_Driver/Src/stm32f1xx_hal_dma.o
 .ARM.attributes
                0x00000000000001d3       0x2d ./Drivers/STM32F1xx_HAL_Driver/Src/stm32f1xx_hal_gpio.o
 .ARM.attributes
                0x0000000000000200       0x2d ./Drivers/STM32F1xx_HAL_Driver/Src/stm32f1xx_hal_rcc.o
 .ARM.attributes
                0x000000000000022d       0x2d ./Drivers/STM32F1xx_HAL_Driver/Src/stm32f1xx_hal_tim.o
 .ARM.attributes
                0x000000000000025a       0x2d ./Drivers/STM32F1xx_HAL_Driver/Src/stm32f1xx_hal_tim_ex.o
 .ARM.attributes
                0x0000000000000287       0x2d ./Drivers/STM32F1xx_HAL_Driver/Src/stm32f1xx_hal_uart.o
 .ARM.attributes
                0x00000000000002b4       0x2d ./ThirdParty/FreeRTOSv202112.00/list.o
 .ARM.attributes
                0x00000000000002e1       0x2d ./ThirdParty/FreeRTOSv202112.00/tasks.o
 .ARM.attributes
                0x000000000000030e       0x2d ./ThirdParty/FreeRTOSv202112.00/portable/GCC/ARM_CM3/port.o
 .ARM.attributes
                0x000000000000033b       0x2d ./ThirdParty/FreeRTOSv202112.00/portable/MemMang/heap_4.o
 .ARM.attributes
                0x0000000000000368       0x2d c:/st/stm32cubeide_1.11.2/stm32cubeide/plugins/com.st.stm32cube.ide.mcu.externaltools.gnu-tools-for-stm32.10.3-2021.10.win32_1.0.100.202210260954/tools/bin/../lib/gcc/arm-none-eabi/10.3.1/../../../../arm-none-eabi/lib/thumb/v7-m/nofp\libc_nano.a(lib_a-init.o)
 .ARM.attributes
                0x0000000000000395       0x2d c:/st/stm32cubeide_1.11.2/stm32cubeide/plugins/com.st.stm32cube.ide.mcu.externaltools.gnu-tools-for-stm32.10.3-2021.10.win32_1.0.100.202210260954/tools/bin/../lib/gcc/arm-none-eabi/10.3.1/../../../../arm-none-eabi/lib/thumb/v7-m/nofp\libc_nano.a(lib_a-memset.o)
 .ARM.attributes
                0x00000000000003c2       0x1d c:/st/stm32cubeide_1.11.2/stm32cubeide/plugins/com.st.stm32cube.ide.mcu.externaltools.gnu-tools-for-stm32.10.3-2021.10.win32_1.0.100.202210260954/tools/bin/../lib/gcc/arm-none-eabi/10.3.1/thumb/v7-m/nofp\libgcc.a(_arm_addsubdf3.o)
 .ARM.attributes
                0x00000000000003df       0x1d c:/st/stm32cubeide_1.11.2/stm32cubeide/plugins/com.st.stm32cube.ide.mcu.externaltools.gnu-tools-for-stm32.10.3-2021.10.win32_1.0.100.202210260954/tools/bin/../lib/gcc/arm-none-eabi/10.3.1/thumb/v7-m/nofp\libgcc.a(_arm_cmpdf2.o)
 .ARM.attributes
                0x00000000000003fc       0x1d c:/st/stm32cubeide_1.11.2/stm32cubeide/plugins/com.st.stm32cube.ide.mcu.externaltools.gnu-tools-for-stm32.10.3-2021.10.win32_1.0.100.202210260954/tools/bin/../lib/gcc/arm-none-eabi/10.3.1/thumb/v7-m/nofp\libgcc.a(_arm_addsubsf3.o)
 .ARM.attributes
                0x0000000000000419       0x1d c:/st/stm32cubeide_1.11.2/stm32cubeide/plugins/com.st.stm32cube.ide.mcu.externaltools.gnu-tools-for-stm32.10.3-2021.10.win32_1.0.100.202210260954/tools/bin/../lib/gcc/arm-none-eabi/10.3.1/thumb/v7-m/nofp\libgcc.a(_arm_muldivsf3.o)
 .ARM.attributes
                0x0000000000000436       0x1d c:/st/stm32cubeide_1.11.2/stm32cubeide/plugins/com.st.stm32cube.ide.mcu.externaltools.gnu-tools-for-stm32.10.3-2021.10.win32_1.0.100.202210260954/tools/bin/../lib/gcc/arm-none-eabi/10.3.1/thumb/v7-m/nofp/crtn.o
OUTPUT(ABS_ControlModule.elf elf32-littlearm)
LOAD linker stubs
LOAD c:/st/stm32cubeide_1.11.2/stm32cubeide/plugins/com.st.stm32cube.ide.mcu.externaltools.gnu-tools-for-stm32.10.3-2021.10.win32_1.0.100.202210260954/tools/bin/../lib/gcc/arm-none-eabi/10.3.1/../../../../arm-none-eabi/lib/thumb/v7-m/nofp\libc.a
LOAD c:/st/stm32cubeide_1.11.2/stm32cubeide/plugins/com.st.stm32cube.ide.mcu.externaltools.gnu-tools-for-stm32.10.3-2021.10.win32_1.0.100.202210260954/tools/bin/../lib/gcc/arm-none-eabi/10.3.1/../../../../arm-none-eabi/lib/thumb/v7-m/nofp\libm.a
LOAD c:/st/stm32cubeide_1.11.2/stm32cubeide/plugins/com.st.stm32cube.ide.mcu.externaltools.gnu-tools-for-stm32.10.3-2021.10.win32_1.0.100.202210260954/tools/bin/../lib/gcc/arm-none-eabi/10.3.1/thumb/v7-m/nofp\libgcc.a

.debug_info     0x0000000000000000     0xd657
 .debug_info    0x0000000000000000     0x11ed ./Core/Src/main.o
 .debug_info    0x00000000000011ed      0xdd0 ./Core/Src/stm32f1xx_hal_msp.o
 .debug_info    0x0000000000001fbd      0x9e9 ./Core/Src/stm32f1xx_hal_timebase_tim.o
 .debug_info    0x00000000000029a6      0x94a ./Core/Src/stm32f1xx_it.o
 .debug_info    0x00000000000032f0      0x23d ./Core/Src/system_stm32f1xx.o
 .debug_info    0x000000000000352d       0x22 ./Core/Startup/startup_stm32f103c8tx.o
 .debug_info    0x000000000000354f      0x734 ./Drivers/STM32F1xx_HAL_Driver/Src/stm32f1xx_hal.o
 .debug_info    0x0000000000003c83      0xb20 ./Drivers/STM32F1xx_HAL_Driver/Src/stm32f1xx_hal_cortex.o
 .debug_info    0x00000000000047a3      0x73f ./Drivers/STM32F1xx_HAL_Driver/Src/stm32f1xx_hal_dma.o
 .debug_info    0x0000000000004ee2      0x615 ./Drivers/STM32F1xx_HAL_Driver/Src/stm32f1xx_hal_gpio.o
 .debug_info    0x00000000000054f7      0x860 ./Drivers/STM32F1xx_HAL_Driver/Src/stm32f1xx_hal_rcc.o
 .debug_info    0x0000000000005d57     0x29de ./Drivers/STM32F1xx_HAL_Driver/Src/stm32f1xx_hal_tim.o
 .debug_info    0x0000000000008735     0x1513 ./Drivers/STM32F1xx_HAL_Driver/Src/stm32f1xx_hal_tim_ex.o
 .debug_info    0x0000000000009c48     0x15d8 ./Drivers/STM32F1xx_HAL_Driver/Src/stm32f1xx_hal_uart.o
 .debug_info    0x000000000000b220      0x2d1 ./ThirdParty/FreeRTOSv202112.00/list.o
 .debug_info    0x000000000000b4f1     0x19fe ./ThirdParty/FreeRTOSv202112.00/tasks.o
 .debug_info    0x000000000000ceef      0x303 ./ThirdParty/FreeRTOSv202112.00/portable/GCC/ARM_CM3/port.o
 .debug_info    0x000000000000d1f2      0x465 ./ThirdParty/FreeRTOSv202112.00/portable/MemMang/heap_4.o

.debug_abbrev   0x0000000000000000     0x2416
 .debug_abbrev  0x0000000000000000      0x310 ./Core/Src/main.o
 .debug_abbrev  0x0000000000000310      0x1e1 ./Core/Src/stm32f1xx_hal_msp.o
 .debug_abbrev  0x00000000000004f1      0x1e6 ./Core/Src/stm32f1xx_hal_timebase_tim.o
 .debug_abbrev  0x00000000000006d7      0x171 ./Core/Src/stm32f1xx_it.o
 .debug_abbrev  0x0000000000000848      0x13b ./Core/Src/system_stm32f1xx.o
 .debug_abbrev  0x0000000000000983       0x12 ./Core/Startup/startup_stm32f103c8tx.o
 .debug_abbrev  0x0000000000000995      0x1fb ./Drivers/STM32F1xx_HAL_Driver/Src/stm32f1xx_hal.o
 .debug_abbrev  0x0000000000000b90      0x2ed ./Drivers/STM32F1xx_HAL_Driver/Src/stm32f1xx_hal_cortex.o
 .debug_abbrev  0x0000000000000e7d      0x1fe ./Drivers/STM32F1xx_HAL_Driver/Src/stm32f1xx_hal_dma.o
 .debug_abbrev  0x000000000000107b      0x1bb ./Drivers/STM32F1xx_HAL_Driver/Src/stm32f1xx_hal_gpio.o
 .debug_abbrev  0x0000000000001236      0x2a8 ./Drivers/STM32F1xx_HAL_Driver/Src/stm32f1xx_hal_rcc.o
 .debug_abbrev  0x00000000000014de      0x25d ./Drivers/STM32F1xx_HAL_Driver/Src/stm32f1xx_hal_tim.o
 .debug_abbrev  0x000000000000173b      0x265 ./Drivers/STM32F1xx_HAL_Driver/Src/stm32f1xx_hal_tim_ex.o
 .debug_abbrev  0x00000000000019a0      0x278 ./Drivers/STM32F1xx_HAL_Driver/Src/stm32f1xx_hal_uart.o
 .debug_abbrev  0x0000000000001c18       0xf2 ./ThirdParty/FreeRTOSv202112.00/list.o
 .debug_abbrev  0x0000000000001d0a      0x33b ./ThirdParty/FreeRTOSv202112.00/tasks.o
 .debug_abbrev  0x0000000000002045      0x221 ./ThirdParty/FreeRTOSv202112.00/portable/GCC/ARM_CM3/port.o
 .debug_abbrev  0x0000000000002266      0x1b0 ./ThirdParty/FreeRTOSv202112.00/portable/MemMang/heap_4.o

.debug_aranges  0x0000000000000000      0xea0
 .debug_aranges
                0x0000000000000000       0x70 ./Core/Src/main.o
 .debug_aranges
                0x0000000000000070       0x48 ./Core/Src/stm32f1xx_hal_msp.o
 .debug_aranges
                0x00000000000000b8       0x30 ./Core/Src/stm32f1xx_hal_timebase_tim.o
 .debug_aranges
                0x00000000000000e8       0x58 ./Core/Src/stm32f1xx_it.o
 .debug_aranges
                0x0000000000000140       0x28 ./Core/Src/system_stm32f1xx.o
 .debug_aranges
                0x0000000000000168       0x28 ./Core/Startup/startup_stm32f103c8tx.o
 .debug_aranges
                0x0000000000000190       0xe0 ./Drivers/STM32F1xx_HAL_Driver/Src/stm32f1xx_hal.o
 .debug_aranges
                0x0000000000000270      0x100 ./Drivers/STM32F1xx_HAL_Driver/Src/stm32f1xx_hal_cortex.o
 .debug_aranges
                0x0000000000000370       0x80 ./Drivers/STM32F1xx_HAL_Driver/Src/stm32f1xx_hal_dma.o
 .debug_aranges
                0x00000000000003f0       0x58 ./Drivers/STM32F1xx_HAL_Driver/Src/stm32f1xx_hal_gpio.o
 .debug_aranges
                0x0000000000000448       0x90 ./Drivers/STM32F1xx_HAL_Driver/Src/stm32f1xx_hal_rcc.o
 .debug_aranges
                0x00000000000004d8      0x3d0 ./Drivers/STM32F1xx_HAL_Driver/Src/stm32f1xx_hal_tim.o
 .debug_aranges
                0x00000000000008a8      0x168 ./Drivers/STM32F1xx_HAL_Driver/Src/stm32f1xx_hal_tim_ex.o
 .debug_aranges
                0x0000000000000a10      0x200 ./Drivers/STM32F1xx_HAL_Driver/Src/stm32f1xx_hal_uart.o
 .debug_aranges
                0x0000000000000c10       0x40 ./ThirdParty/FreeRTOSv202112.00/list.o
 .debug_aranges
                0x0000000000000c50      0x188 ./ThirdParty/FreeRTOSv202112.00/tasks.o
 .debug_aranges
                0x0000000000000dd8       0x70 ./ThirdParty/FreeRTOSv202112.00/portable/GCC/ARM_CM3/port.o
 .debug_aranges
                0x0000000000000e48       0x58 ./ThirdParty/FreeRTOSv202112.00/portable/MemMang/heap_4.o

.debug_ranges   0x0000000000000000      0xdb8
 .debug_ranges  0x0000000000000000       0x60 ./Core/Src/main.o
 .debug_ranges  0x0000000000000060       0x38 ./Core/Src/stm32f1xx_hal_msp.o
 .debug_ranges  0x0000000000000098       0x20 ./Core/Src/stm32f1xx_hal_timebase_tim.o
 .debug_ranges  0x00000000000000b8       0x48 ./Core/Src/stm32f1xx_it.o
 .debug_ranges  0x0000000000000100       0x18 ./Core/Src/system_stm32f1xx.o
 .debug_ranges  0x0000000000000118       0x20 ./Core/Startup/startup_stm32f103c8tx.o
 .debug_ranges  0x0000000000000138       0xd0 ./Drivers/STM32F1xx_HAL_Driver/Src/stm32f1xx_hal.o
 .debug_ranges  0x0000000000000208       0xf0 ./Drivers/STM32F1xx_HAL_Driver/Src/stm32f1xx_hal_cortex.o
 .debug_ranges  0x00000000000002f8       0x70 ./Drivers/STM32F1xx_HAL_Driver/Src/stm32f1xx_hal_dma.o
 .debug_ranges  0x0000000000000368       0x48 ./Drivers/STM32F1xx_HAL_Driver/Src/stm32f1xx_hal_gpio.o
 .debug_ranges  0x00000000000003b0       0x80 ./Drivers/STM32F1xx_HAL_Driver/Src/stm32f1xx_hal_rcc.o
 .debug_ranges  0x0000000000000430      0x3c0 ./Drivers/STM32F1xx_HAL_Driver/Src/stm32f1xx_hal_tim.o
 .debug_ranges  0x00000000000007f0      0x158 ./Drivers/STM32F1xx_HAL_Driver/Src/stm32f1xx_hal_tim_ex.o
 .debug_ranges  0x0000000000000948      0x220 ./Drivers/STM32F1xx_HAL_Driver/Src/stm32f1xx_hal_uart.o
 .debug_ranges  0x0000000000000b68       0x30 ./ThirdParty/FreeRTOSv202112.00/list.o
 .debug_ranges  0x0000000000000b98      0x178 ./ThirdParty/FreeRTOSv202112.00/tasks.o
 .debug_ranges  0x0000000000000d10       0x60 ./ThirdParty/FreeRTOSv202112.00/portable/GCC/ARM_CM3/port.o
 .debug_ranges  0x0000000000000d70       0x48 ./ThirdParty/FreeRTOSv202112.00/portable/MemMang/heap_4.o

.debug_macro    0x0000000000000000    0x187d0
 .debug_macro   0x0000000000000000      0x2f7 ./Core/Src/main.o
 .debug_macro   0x00000000000002f7      0xa6c ./Core/Src/main.o
 .debug_macro   0x0000000000000d63      0x21b ./Core/Src/main.o
 .debug_macro   0x0000000000000f7e       0x2e ./Core/Src/main.o
 .debug_macro   0x0000000000000fac       0x22 ./Core/Src/main.o
 .debug_macro   0x0000000000000fce       0x22 ./Core/Src/main.o
 .debug_macro   0x0000000000000ff0       0x8e ./Core/Src/main.o
 .debug_macro   0x000000000000107e       0x51 ./Core/Src/main.o
 .debug_macro   0x00000000000010cf      0x103 ./Core/Src/main.o
 .debug_macro   0x00000000000011d2       0x6a ./Core/Src/main.o
 .debug_macro   0x000000000000123c      0x1df ./Core/Src/main.o
 .debug_macro   0x000000000000141b       0x1c ./Core/Src/main.o
 .debug_macro   0x0000000000001437       0x22 ./Core/Src/main.o
 .debug_macro   0x0000000000001459       0xbd ./Core/Src/main.o
 .debug_macro   0x0000000000001516      0xd23 ./Core/Src/main.o
 .debug_macro   0x0000000000002239     0xe09e ./Core/Src/main.o
 .debug_macro   0x00000000000102d7       0x6d ./Core/Src/main.o
 .debug_macro   0x0000000000010344     0x3468 ./Core/Src/main.o
 .debug_macro   0x00000000000137ac      0x174 ./Core/Src/main.o
 .debug_macro   0x0000000000013920       0x5c ./Core/Src/main.o
 .debug_macro   0x000000000001397c      0x5be ./Core/Src/main.o
 .debug_macro   0x0000000000013f3a      0x289 ./Core/Src/main.o
 .debug_macro   0x00000000000141c3      0x1cb ./Core/Src/main.o
 .debug_macro   0x000000000001438e      0x114 ./Core/Src/main.o
 .debug_macro   0x00000000000144a2      0x1b2 ./Core/Src/main.o
 .debug_macro   0x0000000000014654       0x27 ./Core/Src/main.o
 .debug_macro   0x000000000001467b      0x136 ./Core/Src/main.o
 .debug_macro   0x00000000000147b1      0x1bc ./Core/Src/main.o
 .debug_macro   0x000000000001496d       0x34 ./Core/Src/main.o
 .debug_macro   0x00000000000149a1       0x3c ./Core/Src/main.o
 .debug_macro   0x00000000000149dd       0x57 ./Core/Src/main.o
 .debug_macro   0x0000000000014a34       0x88 ./Core/Src/main.o
 .debug_macro   0x0000000000014abc      0x241 ./Core/Src/main.o
 .debug_macro   0x0000000000014cfd      0x141 ./Core/Src/main.o
 .debug_macro   0x0000000000014e3e      0x8d1 ./Core/Src/main.o
 .debug_macro   0x000000000001570f      0x279 ./Core/Src/main.o
 .debug_macro   0x0000000000015988       0x83 ./Core/Src/main.o
 .debug_macro   0x0000000000015a0b       0x1c ./Core/Src/main.o
 .debug_macro   0x0000000000015a27       0xac ./Core/Src/main.o
 .debug_macro   0x0000000000015ad3      0x15a ./Core/Src/main.o
 .debug_macro   0x0000000000015c2d       0xe3 ./Core/Src/main.o
 .debug_macro   0x0000000000015d10       0x28 ./Core/Src/main.o
 .debug_macro   0x0000000000015d38       0x1f ./Core/Src/main.o
 .debug_macro   0x0000000000015d57       0x12 ./Core/Src/main.o
 .debug_macro   0x0000000000015d69      0x56d ./Core/Src/main.o
 .debug_macro   0x00000000000162d6       0xc3 ./Core/Src/main.o
 .debug_macro   0x0000000000016399      0x120 ./Core/Src/main.o
 .debug_macro   0x00000000000164b9       0x18 ./Core/Src/main.o
 .debug_macro   0x00000000000164d1       0x52 ./Core/Src/main.o
 .debug_macro   0x0000000000016523       0x3c ./Core/Src/main.o
 .debug_macro   0x000000000001655f       0x34 ./Core/Src/main.o
 .debug_macro   0x0000000000016593       0x16 ./Core/Src/main.o
 .debug_macro   0x00000000000165a9       0x35 ./Core/Src/main.o
 .debug_macro   0x00000000000165de       0x16 ./Core/Src/main.o
 .debug_macro   0x00000000000165f4       0x43 ./Core/Src/main.o
 .debug_macro   0x0000000000016637       0x34 ./Core/Src/main.o
 .debug_macro   0x000000000001666b       0x10 ./Core/Src/main.o
 .debug_macro   0x000000000001667b       0x58 ./Core/Src/main.o
 .debug_macro   0x00000000000166d3       0x71 ./Core/Src/main.o
 .debug_macro   0x0000000000016744       0x1c ./Core/Src/main.o
 .debug_macro   0x0000000000016760      0x12a ./Core/Src/main.o
 .debug_macro   0x000000000001688a      0x341 ./Core/Src/main.o
 .debug_macro   0x0000000000016bcb       0x16 ./Core/Src/main.o
 .debug_macro   0x0000000000016be1       0x29 ./Core/Src/main.o
 .debug_macro   0x0000000000016c0a      0x1b2 ./Core/Src/stm32f1xx_hal_msp.o
 .debug_macro   0x0000000000016dbc      0x1a3 ./Core/Src/stm32f1xx_hal_timebase_tim.o
 .debug_macro   0x0000000000016f5f      0x1bc ./Core/Src/stm32f1xx_it.o
 .debug_macro   0x000000000001711b      0x1a3 ./Core/Src/system_stm32f1xx.o
 .debug_macro   0x00000000000172be      0x1c7 ./Drivers/STM32F1xx_HAL_Driver/Src/stm32f1xx_hal.o
 .debug_macro   0x0000000000017485      0x1a3 ./Drivers/STM32F1xx_HAL_Driver/Src/stm32f1xx_hal_cortex.o
 .debug_macro   0x0000000000017628      0x1a3 ./Drivers/STM32F1xx_HAL_Driver/Src/stm32f1xx_hal_dma.o
 .debug_macro   0x00000000000177cb      0x20e ./Drivers/STM32F1xx_HAL_Driver/Src/stm32f1xx_hal_gpio.o
 .debug_macro   0x00000000000179d9      0x1b5 ./Drivers/STM32F1xx_HAL_Driver/Src/stm32f1xx_hal_rcc.o
 .debug_macro   0x0000000000017b8e      0x1a4 ./Drivers/STM32F1xx_HAL_Driver/Src/stm32f1xx_hal_tim.o
 .debug_macro   0x0000000000017d32      0x1a3 ./Drivers/STM32F1xx_HAL_Driver/Src/stm32f1xx_hal_tim_ex.o
 .debug_macro   0x0000000000017ed5      0x1a4 ./Drivers/STM32F1xx_HAL_Driver/Src/stm32f1xx_hal_uart.o
 .debug_macro   0x0000000000018079      0x198 ./ThirdParty/FreeRTOSv202112.00/list.o
 .debug_macro   0x0000000000018211      0x27e ./ThirdParty/FreeRTOSv202112.00/tasks.o
 .debug_macro   0x000000000001848f       0x17 ./ThirdParty/FreeRTOSv202112.00/tasks.o
 .debug_macro   0x00000000000184a6      0x177 ./ThirdParty/FreeRTOSv202112.00/portable/GCC/ARM_CM3/port.o
 .debug_macro   0x000000000001861d      0x1b3 ./ThirdParty/FreeRTOSv202112.00/portable/MemMang/heap_4.o

.debug_line     0x0000000000000000     0xf476
 .debug_line    0x0000000000000000      0xbfd ./Core/Src/main.o
 .debug_line    0x0000000000000bfd      0x734 ./Core/Src/stm32f1xx_hal_msp.o
 .debug_line    0x0000000000001331      0x6e6 ./Core/Src/stm32f1xx_hal_timebase_tim.o
 .debug_line    0x0000000000001a17      0x72e ./Core/Src/stm32f1xx_it.o
 .debug_line    0x0000000000002145      0x6f8 ./Core/Src/system_stm32f1xx.o
 .debug_line    0x000000000000283d       0x87 ./Core/Startup/startup_stm32f103c8tx.o
 .debug_line    0x00000000000028c4      0x925 ./Drivers/STM32F1xx_HAL_Driver/Src/stm32f1xx_hal.o
 .debug_line    0x00000000000031e9      0xb0d ./Drivers/STM32F1xx_HAL_Driver/Src/stm32f1xx_hal_cortex.o
 .debug_line    0x0000000000003cf6      0xd7d ./Drivers/STM32F1xx_HAL_Driver/Src/stm32f1xx_hal_dma.o
 .debug_line    0x0000000000004a73      0x9bc ./Drivers/STM32F1xx_HAL_Driver/Src/stm32f1xx_hal_gpio.o
 .debug_line    0x000000000000542f      0xd33 ./Drivers/STM32F1xx_HAL_Driver/Src/stm32f1xx_hal_rcc.o
 .debug_line    0x0000000000006162     0x32db ./Drivers/STM32F1xx_HAL_Driver/Src/stm32f1xx_hal_tim.o
 .debug_line    0x000000000000943d     0x184d ./Drivers/STM32F1xx_HAL_Driver/Src/stm32f1xx_hal_tim_ex.o
 .debug_line    0x000000000000ac8a     0x1a00 ./Drivers/STM32F1xx_HAL_Driver/Src/stm32f1xx_hal_uart.o
 .debug_line    0x000000000000c68a      0x7b5 ./ThirdParty/FreeRTOSv202112.00/list.o
 .debug_line    0x000000000000ce3f     0x1572 ./ThirdParty/FreeRTOSv202112.00/tasks.o
 .debug_line    0x000000000000e3b1      0x738 ./ThirdParty/FreeRTOSv202112.00/portable/GCC/ARM_CM3/port.o
 .debug_line    0x000000000000eae9      0x98d ./ThirdParty/FreeRTOSv202112.00/portable/MemMang/heap_4.o

.debug_str      0x0000000000000000    0x905fe
 .debug_str     0x0000000000000000    0x8b788 ./Core/Src/main.o
                                      0x8bc0c (size before relaxing)
 .debug_str     0x000000000008b788      0x36e ./Core/Src/stm32f1xx_hal_msp.o
                                      0x83dab (size before relaxing)
 .debug_str     0x000000000008baf6       0xe5 ./Core/Src/stm32f1xx_hal_timebase_tim.o
                                      0x83b84 (size before relaxing)
 .debug_str     0x000000000008bbdb       0xcb ./Core/Src/stm32f1xx_it.o
                                      0x83a01 (size before relaxing)
 .debug_str     0x000000000008bca6       0x7e ./Core/Src/system_stm32f1xx.o
                                      0x832cc (size before relaxing)
 .debug_str     0x000000000008bd24       0x36 ./Core/Startup/startup_stm32f103c8tx.o
                                         0x7b (size before relaxing)
 .debug_str     0x000000000008bd5a      0x34a ./Drivers/STM32F1xx_HAL_Driver/Src/stm32f1xx_hal.o
                                      0x839ff (size before relaxing)
 .debug_str     0x000000000008c0a4      0x294 ./Drivers/STM32F1xx_HAL_Driver/Src/stm32f1xx_hal_cortex.o
                                      0x8394b (size before relaxing)
 .debug_str     0x000000000008c338      0x235 ./Drivers/STM32F1xx_HAL_Driver/Src/stm32f1xx_hal_dma.o
                                      0x83675 (size before relaxing)
 .debug_str     0x000000000008c56d      0x2e1 ./Drivers/STM32F1xx_HAL_Driver/Src/stm32f1xx_hal_gpio.o
                                      0x83652 (size before relaxing)
 .debug_str     0x000000000008c84e      0x1f3 ./Drivers/STM32F1xx_HAL_Driver/Src/stm32f1xx_hal_rcc.o
                                      0x836fb (size before relaxing)
 .debug_str     0x000000000008ca41      0xcf8 ./Drivers/STM32F1xx_HAL_Driver/Src/stm32f1xx_hal_tim.o
                                      0x846e6 (size before relaxing)
 .debug_str     0x000000000008d739      0x493 ./Drivers/STM32F1xx_HAL_Driver/Src/stm32f1xx_hal_tim_ex.o
                                      0x83f02 (size before relaxing)
 .debug_str     0x000000000008dbcc      0x59f ./Drivers/STM32F1xx_HAL_Driver/Src/stm32f1xx_hal_uart.o
                                      0x83d06 (size before relaxing)
 .debug_str     0x000000000008e16b      0x17b ./ThirdParty/FreeRTOSv202112.00/list.o
                                       0xaad7 (size before relaxing)
 .debug_str     0x000000000008e2e6     0x1a45 ./ThirdParty/FreeRTOSv202112.00/tasks.o
                                       0xd820 (size before relaxing)
 .debug_str     0x000000000008fd2b      0x5b0 ./ThirdParty/FreeRTOSv202112.00/portable/GCC/ARM_CM3/port.o
                                       0x93e6 (size before relaxing)
 .debug_str     0x00000000000902db      0x323 ./ThirdParty/FreeRTOSv202112.00/portable/MemMang/heap_4.o
                                       0xbf81 (size before relaxing)

.comment        0x0000000000000000       0x50
 .comment       0x0000000000000000       0x50 ./Core/Src/main.o
                                         0x51 (size before relaxing)
 .comment       0x0000000000000050       0x51 ./Core/Src/stm32f1xx_hal_msp.o
 .comment       0x0000000000000050       0x51 ./Core/Src/stm32f1xx_hal_timebase_tim.o
 .comment       0x0000000000000050       0x51 ./Core/Src/stm32f1xx_it.o
 .comment       0x0000000000000050       0x51 ./Core/Src/system_stm32f1xx.o
 .comment       0x0000000000000050       0x51 ./Drivers/STM32F1xx_HAL_Driver/Src/stm32f1xx_hal.o
 .comment       0x0000000000000050       0x51 ./Drivers/STM32F1xx_HAL_Driver/Src/stm32f1xx_hal_cortex.o
 .comment       0x0000000000000050       0x51 ./Drivers/STM32F1xx_HAL_Driver/Src/stm32f1xx_hal_dma.o
 .comment       0x0000000000000050       0x51 ./Drivers/STM32F1xx_HAL_Driver/Src/stm32f1xx_hal_gpio.o
 .comment       0x0000000000000050       0x51 ./Drivers/STM32F1xx_HAL_Driver/Src/stm32f1xx_hal_rcc.o
 .comment       0x0000000000000050       0x51 ./Drivers/STM32F1xx_HAL_Driver/Src/stm32f1xx_hal_tim.o
 .comment       0x0000000000000050       0x51 ./Drivers/STM32F1xx_HAL_Driver/Src/stm32f1xx_hal_tim_ex.o
 .comment       0x0000000000000050       0x51 ./Drivers/STM32F1xx_HAL_Driver/Src/stm32f1xx_hal_uart.o
 .comment       0x0000000000000050       0x51 ./ThirdParty/FreeRTOSv202112.00/list.o
 .comment       0x0000000000000050       0x51 ./ThirdParty/FreeRTOSv202112.00/tasks.o
 .comment       0x0000000000000050       0x51 ./ThirdParty/FreeRTOSv202112.00/portable/GCC/ARM_CM3/port.o
 .comment       0x0000000000000050       0x51 ./ThirdParty/FreeRTOSv202112.00/portable/MemMang/heap_4.o

.debug_frame    0x0000000000000000     0x3e34
 .debug_frame   0x0000000000000000      0x17c ./Core/Src/main.o
 .debug_frame   0x000000000000017c       0xf4 ./Core/Src/stm32f1xx_hal_msp.o
 .debug_frame   0x0000000000000270       0x74 ./Core/Src/stm32f1xx_hal_timebase_tim.o
 .debug_frame   0x00000000000002e4       0xe0 ./Core/Src/stm32f1xx_it.o
 .debug_frame   0x00000000000003c4       0x58 ./Core/Src/system_stm32f1xx.o
 .debug_frame   0x000000000000041c      0x334 ./Drivers/STM32F1xx_HAL_Driver/Src/stm32f1xx_hal.o
 .debug_frame   0x0000000000000750      0x428 ./Drivers/STM32F1xx_HAL_Driver/Src/stm32f1xx_hal_cortex.o
 .debug_frame   0x0000000000000b78      0x208 ./Drivers/STM32F1xx_HAL_Driver/Src/stm32f1xx_hal_dma.o
 .debug_frame   0x0000000000000d80      0x14c ./Drivers/STM32F1xx_HAL_Driver/Src/stm32f1xx_hal_gpio.o
 .debug_frame   0x0000000000000ecc      0x21c ./Drivers/STM32F1xx_HAL_Driver/Src/stm32f1xx_hal_rcc.o
 .debug_frame   0x00000000000010e8     0x11b8 ./Drivers/STM32F1xx_HAL_Driver/Src/stm32f1xx_hal_tim.o
 .debug_frame   0x00000000000022a0      0x638 ./Drivers/STM32F1xx_HAL_Driver/Src/stm32f1xx_hal_tim_ex.o
 .debug_frame   0x00000000000028d8      0x914 ./Drivers/STM32F1xx_HAL_Driver/Src/stm32f1xx_hal_uart.o
 .debug_frame   0x00000000000031ec       0xd8 ./ThirdParty/FreeRTOSv202112.00/list.o
 .debug_frame   0x00000000000032c4      0x6a4 ./ThirdParty/FreeRTOSv202112.00/tasks.o
 .debug_frame   0x0000000000003968      0x160 ./ThirdParty/FreeRTOSv202112.00/portable/GCC/ARM_CM3/port.o
 .debug_frame   0x0000000000003ac8      0x12c ./ThirdParty/FreeRTOSv202112.00/portable/MemMang/heap_4.o
 .debug_frame   0x0000000000003bf4       0x2c c:/st/stm32cubeide_1.11.2/stm32cubeide/plugins/com.st.stm32cube.ide.mcu.externaltools.gnu-tools-for-stm32.10.3-2021.10.win32_1.0.100.202210260954/tools/bin/../lib/gcc/arm-none-eabi/10.3.1/../../../../arm-none-eabi/lib/thumb/v7-m/nofp\libc_nano.a(lib_a-init.o)
 .debug_frame   0x0000000000003c20       0x20 c:/st/stm32cubeide_1.11.2/stm32cubeide/plugins/com.st.stm32cube.ide.mcu.externaltools.gnu-tools-for-stm32.10.3-2021.10.win32_1.0.100.202210260954/tools/bin/../lib/gcc/arm-none-eabi/10.3.1/../../../../arm-none-eabi/lib/thumb/v7-m/nofp\libc_nano.a(lib_a-memset.o)
 .debug_frame   0x0000000000003c40       0xac c:/st/stm32cubeide_1.11.2/stm32cubeide/plugins/com.st.stm32cube.ide.mcu.externaltools.gnu-tools-for-stm32.10.3-2021.10.win32_1.0.100.202210260954/tools/bin/../lib/gcc/arm-none-eabi/10.3.1/thumb/v7-m/nofp\libgcc.a(_arm_addsubdf3.o)
 .debug_frame   0x0000000000003cec       0xc4 c:/st/stm32cubeide_1.11.2/stm32cubeide/plugins/com.st.stm32cube.ide.mcu.externaltools.gnu-tools-for-stm32.10.3-2021.10.win32_1.0.100.202210260954/tools/bin/../lib/gcc/arm-none-eabi/10.3.1/thumb/v7-m/nofp\libgcc.a(_arm_cmpdf2.o)
 .debug_frame   0x0000000000003db0       0x4c c:/st/stm32cubeide_1.11.2/stm32cubeide/plugins/com.st.stm32cube.ide.mcu.externaltools.gnu-tools-for-stm32.10.3-2021.10.win32_1.0.100.202210260954/tools/bin/../lib/gcc/arm-none-eabi/10.3.1/thumb/v7-m/nofp\libgcc.a(_arm_addsubsf3.o)
 .debug_frame   0x0000000000003dfc       0x38 c:/st/stm32cubeide_1.11.2/stm32cubeide/plugins/com.st.stm32cube.ide.mcu.externaltools.gnu-tools-for-stm32.10.3-2021.10.win32_1.0.100.202210260954/tools/bin/../lib/gcc/arm-none-eabi/10.3.1/thumb/v7-m/nofp\libgcc.a(_arm_muldivsf3.o)
