../Core/Src/main.c:84:6:HAL_UART_RxCpltCallback	24	static
../Core/Src/main.c:94:5:main	16	static
../Core/Src/main.c:150:6:SystemClock_Config	72	static
../Core/Src/main.c:190:13:MX_TIM2_Init	64	static
../Core/Src/main.c:249:13:MX_USART1_UART_Init	8	static
../Core/Src/main.c:282:13:MX_GPIO_Init	32	static
../Core/Src/main.c:303:6:normalRunning	16	static
../Core/Src/main.c:326:6:brakeWithABS	32	static
../Core/Src/main.c:402:6:brakeWithoutABS	16	static
../Core/Src/main.c:430:6:HAL_TIM_PeriodElapsedCallback	16	static
../Core/Src/main.c:447:6:Error_Handler	4	static,ignoring_inline_asm
