21:26:05 **** Clean-only build of configuration Debug for project ABS_ControlModule ****
make -j12 clean 
rm -rf ./ThirdParty/FreeRTOSv202112.00/portable/MemMang/heap_4.d ./ThirdParty/FreeRTOSv202112.00/portable/MemMang/heap_4.o ./ThirdParty/FreeRTOSv202112.00/portable/MemMang/heap_4.su
rm -rf ./ThirdParty/FreeRTOSv202112.00/portable/GCC/ARM_CM3/port.d ./ThirdParty/FreeRTOSv202112.00/portable/GCC/ARM_CM3/port.o ./ThirdParty/FreeRTOSv202112.00/portable/GCC/ARM_CM3/port.su
rm -rf ./ThirdParty/FreeRTOSv202112.00/croutine.d ./ThirdParty/FreeRTOSv202112.00/croutine.o ./ThirdParty/FreeRTOSv202112.00/croutine.su ./ThirdParty/FreeRTOSv202112.00/event_groups.d ./ThirdParty/FreeRTOSv202112.00/event_groups.o ./ThirdParty/FreeRTOSv202112.00/event_groups.su ./ThirdParty/FreeRTOSv202112.00/list.d ./ThirdParty/FreeRTOSv202112.00/list.o ./ThirdParty/FreeRTOSv202112.00/list.su ./ThirdParty/FreeRTOSv202112.00/queue.d ./ThirdParty/FreeRTOSv202112.00/queue.o ./ThirdParty/FreeRTOSv202112.00/queue.su ./ThirdParty/FreeRTOSv202112.00/stream_buffer.d ./ThirdParty/FreeRTOSv202112.00/stream_buffer.o ./ThirdParty/FreeRTOSv202112.00/stream_buffer.su ./ThirdParty/FreeRTOSv202112.00/tasks.d ./ThirdParty/FreeRTOSv202112.00/tasks.o ./ThirdParty/FreeRTOSv202112.00/tasks.su ./ThirdParty/FreeRTOSv202112.00/timers.d ./ThirdParty/FreeRTOSv202112.00/timers.o ./ThirdParty/FreeRTOSv202112.00/timers.su
rm -rf ./Drivers/STM32F1xx_HAL_Driver/Src/stm32f1xx_hal.d ./Drivers/STM32F1xx_HAL_Driver/Src/stm32f1xx_hal.o ./Drivers/STM32F1xx_HAL_Driver/Src/stm32f1xx_hal.su ./Drivers/STM32F1xx_HAL_Driver/Src/stm32f1xx_hal_cortex.d ./Drivers/STM32F1xx_HAL_Driver/Src/stm32f1xx_hal_cortex.o ./Drivers/STM32F1xx_HAL_Driver/Src/stm32f1xx_hal_cortex.su ./Drivers/STM32F1xx_HAL_Driver/Src/stm32f1xx_hal_dma.d ./Drivers/STM32F1xx_HAL_Driver/Src/stm32f1xx_hal_dma.o ./Drivers/STM32F1xx_HAL_Driver/Src/stm32f1xx_hal_dma.su ./Drivers/STM32F1xx_HAL_Driver/Src/stm32f1xx_hal_exti.d ./Drivers/STM32F1xx_HAL_Driver/Src/stm32f1xx_hal_exti.o ./Drivers/STM32F1xx_HAL_Driver/Src/stm32f1xx_hal_exti.su ./Drivers/STM32F1xx_HAL_Driver/Src/stm32f1xx_hal_flash.d ./Drivers/STM32F1xx_HAL_Driver/Src/stm32f1xx_hal_flash.o ./Drivers/STM32F1xx_HAL_Driver/Src/stm32f1xx_hal_flash.su ./Drivers/STM32F1xx_HAL_Driver/Src/stm32f1xx_hal_flash_ex.d ./Drivers/STM32F1xx_HAL_Driver/Src/stm32f1xx_hal_flash_ex.o ./Drivers/STM32F1xx_HAL_Driver/Src/stm32f1xx_hal_flash_ex.su ./Drivers/STM32F1xx_HAL_Driver/Src/stm32f1xx_hal_gpio.d ./Drivers/STM32F1xx_HAL_Driver/Src/stm32f1xx_hal_gpio.o ./Drivers/STM32F1xx_HAL_Driver/Src/stm32f1xx_hal_gpio.su ./Drivers/STM32F1xx_HAL_Driver/Src/stm32f1xx_hal_gpio_ex.d ./Drivers/STM32F1xx_HAL_Driver/Src/stm32f1xx_hal_gpio_ex.o ./Drivers/STM32F1xx_HAL_Driver/Src/stm32f1xx_hal_gpio_ex.su ./Drivers/STM32F1xx_HAL_Driver/Src/stm32f1xx_hal_pwr.d ./Drivers/STM32F1xx_HAL_Driver/Src/stm32f1xx_hal_pwr.o ./Drivers/STM32F1xx_HAL_Driver/Src/stm32f1xx_hal_pwr.su ./Drivers/STM32F1xx_HAL_Driver/Src/stm32f1xx_hal_rcc.d ./Drivers/STM32F1xx_HAL_Driver/Src/stm32f1xx_hal_rcc.o ./Drivers/STM32F1xx_HAL_Driver/Src/stm32f1xx_hal_rcc.su ./Drivers/STM32F1xx_HAL_Driver/Src/stm32f1xx_hal_rcc_ex.d ./Drivers/STM32F1xx_HAL_Driver/Src/stm32f1xx_hal_rcc_ex.o ./Drivers/STM32F1xx_HAL_Driver/Src/stm32f1xx_hal_rcc_ex.su ./Drivers/STM32F1xx_HAL_Driver/Src/stm32f1xx_hal_tim.d ./Drivers/STM32F1xx_HAL_Driver/Src/stm32f1xx_hal_tim.o ./Drivers/STM32F1xx_HAL_Driver/Src/stm32f1xx_hal_tim.su ./Drivers/STM32F1xx_HAL_Driver/Src/stm32f1xx_hal_tim_ex.d ./Drivers/STM32F1xx_HAL_Driver/Src/stm32f1xx_hal_tim_ex.o ./Drivers/STM32F1xx_HAL_Driver/Src/stm32f1xx_hal_tim_ex.su ./Drivers/STM32F1xx_HAL_Driver/Src/stm32f1xx_hal_uart.d ./Drivers/STM32F1xx_HAL_Driver/Src/stm32f1xx_hal_uart.o ./Drivers/STM32F1xx_HAL_Driver/Src/stm32f1xx_hal_uart.su
rm -rf ./Core/Startup/startup_stm32f103c8tx.d ./Core/Startup/startup_stm32f103c8tx.o
rm -rf ./Core/Src/main.d ./Core/Src/main.o ./Core/Src/main.su ./Core/Src/stm32f1xx_hal_msp.d ./Core/Src/stm32f1xx_hal_msp.o ./Core/Src/stm32f1xx_hal_msp.su ./Core/Src/stm32f1xx_hal_timebase_tim.d ./Core/Src/stm32f1xx_hal_timebase_tim.o ./Core/Src/stm32f1xx_hal_timebase_tim.su ./Core/Src/stm32f1xx_it.d ./Core/Src/stm32f1xx_it.o ./Core/Src/stm32f1xx_it.su ./Core/Src/syscalls.d ./Core/Src/syscalls.o ./Core/Src/syscalls.su ./Core/Src/system_stm32f1xx.d ./Core/Src/system_stm32f1xx.o ./Core/Src/system_stm32f1xx.su
rm -rf ABS_ControlModule.elf ABS_ControlModule.list ABS_ControlModule.map default.size.stdout
 
21:26:07 **** Build of configuration Debug for project ABS_ControlModule ****
make -j12 all 
arm-none-eabi-gcc "../ThirdParty/FreeRTOSv202112.00/portable/MemMang/heap_4.c" -mcpu=cortex-m3 -std=gnu11 -g3 -DDEBUG -DUSE_HAL_DRIVER -DSTM32F103xB -c -I../Core/Inc -I../Drivers/STM32F1xx_HAL_Driver/Inc/Legacy -I../Drivers/STM32F1xx_HAL_Driver/Inc -I../Drivers/CMSIS/Device/ST/STM32F1xx/Include -I../Drivers/CMSIS/Include -I"D:/Learn school/He_thong_nhung/Embedded-main/ABS_ControlModule/ThirdParty/FreeRTOSv202112.00" -I"D:/Learn school/He_thong_nhung/Embedded-main/ABS_ControlModule/ThirdParty/FreeRTOSv202112.00/include" -I"D:/Learn school/He_thong_nhung/Embedded-main/ABS_ControlModule/ThirdParty/FreeRTOSv202112.00/portable/GCC/ARM_CM3" -O0 -ffunction-sections -fdata-sections -Wall -fstack-usage -MMD -MP -MF"ThirdParty/FreeRTOSv202112.00/portable/MemMang/heap_4.d" -MT"ThirdParty/FreeRTOSv202112.00/portable/MemMang/heap_4.o" --specs=nano.specs -mfloat-abi=soft -mthumb -o "ThirdParty/FreeRTOSv202112.00/portable/MemMang/heap_4.o"
arm-none-eabi-gcc "../ThirdParty/FreeRTOSv202112.00/portable/GCC/ARM_CM3/port.c" -mcpu=cortex-m3 -std=gnu11 -g3 -DDEBUG -DUSE_HAL_DRIVER -DSTM32F103xB -c -I../Core/Inc -I../Drivers/STM32F1xx_HAL_Driver/Inc/Legacy -I../Drivers/STM32F1xx_HAL_Driver/Inc -I../Drivers/CMSIS/Device/ST/STM32F1xx/Include -I../Drivers/CMSIS/Include -I"D:/Learn school/He_thong_nhung/Embedded-main/ABS_ControlModule/ThirdParty/FreeRTOSv202112.00" -I"D:/Learn school/He_thong_nhung/Embedded-main/ABS_ControlModule/ThirdParty/FreeRTOSv202112.00/include" -I"D:/Learn school/He_thong_nhung/Embedded-main/ABS_ControlModule/ThirdParty/FreeRTOSv202112.00/portable/GCC/ARM_CM3" -O0 -ffunction-sections -fdata-sections -Wall -fstack-usage -MMD -MP -MF"ThirdParty/FreeRTOSv202112.00/portable/GCC/ARM_CM3/port.d" -MT"ThirdParty/FreeRTOSv202112.00/portable/GCC/ARM_CM3/port.o" --specs=nano.specs -mfloat-abi=soft -mthumb -o "ThirdParty/FreeRTOSv202112.00/portable/GCC/ARM_CM3/port.o"
arm-none-eabi-gcc "../ThirdParty/FreeRTOSv202112.00/croutine.c" -mcpu=cortex-m3 -std=gnu11 -g3 -DDEBUG -DUSE_HAL_DRIVER -DSTM32F103xB -c -I../Core/Inc -I../Drivers/STM32F1xx_HAL_Driver/Inc/Legacy -I../Drivers/STM32F1xx_HAL_Driver/Inc -I../Drivers/CMSIS/Device/ST/STM32F1xx/Include -I../Drivers/CMSIS/Include -I"D:/Learn school/He_thong_nhung/Embedded-main/ABS_ControlModule/ThirdParty/FreeRTOSv202112.00" -I"D:/Learn school/He_thong_nhung/Embedded-main/ABS_ControlModule/ThirdParty/FreeRTOSv202112.00/include" -I"D:/Learn school/He_thong_nhung/Embedded-main/ABS_ControlModule/ThirdParty/FreeRTOSv202112.00/portable/GCC/ARM_CM3" -O0 -ffunction-sections -fdata-sections -Wall -fstack-usage -MMD -MP -MF"ThirdParty/FreeRTOSv202112.00/croutine.d" -MT"ThirdParty/FreeRTOSv202112.00/croutine.o" --specs=nano.specs -mfloat-abi=soft -mthumb -o "ThirdParty/FreeRTOSv202112.00/croutine.o"
arm-none-eabi-gcc "../ThirdParty/FreeRTOSv202112.00/event_groups.c" -mcpu=cortex-m3 -std=gnu11 -g3 -DDEBUG -DUSE_HAL_DRIVER -DSTM32F103xB -c -I../Core/Inc -I../Drivers/STM32F1xx_HAL_Driver/Inc/Legacy -I../Drivers/STM32F1xx_HAL_Driver/Inc -I../Drivers/CMSIS/Device/ST/STM32F1xx/Include -I../Drivers/CMSIS/Include -I"D:/Learn school/He_thong_nhung/Embedded-main/ABS_ControlModule/ThirdParty/FreeRTOSv202112.00" -I"D:/Learn school/He_thong_nhung/Embedded-main/ABS_ControlModule/ThirdParty/FreeRTOSv202112.00/include" -I"D:/Learn school/He_thong_nhung/Embedded-main/ABS_ControlModule/ThirdParty/FreeRTOSv202112.00/portable/GCC/ARM_CM3" -O0 -ffunction-sections -fdata-sections -Wall -fstack-usage -MMD -MP -MF"ThirdParty/FreeRTOSv202112.00/event_groups.d" -MT"ThirdParty/FreeRTOSv202112.00/event_groups.o" --specs=nano.specs -mfloat-abi=soft -mthumb -o "ThirdParty/FreeRTOSv202112.00/event_groups.o"
arm-none-eabi-gcc "../ThirdParty/FreeRTOSv202112.00/list.c" -mcpu=cortex-m3 -std=gnu11 -g3 -DDEBUG -DUSE_HAL_DRIVER -DSTM32F103xB -c -I../Core/Inc -I../Drivers/STM32F1xx_HAL_Driver/Inc/Legacy -I../Drivers/STM32F1xx_HAL_Driver/Inc -I../Drivers/CMSIS/Device/ST/STM32F1xx/Include -I../Drivers/CMSIS/Include -I"D:/Learn school/He_thong_nhung/Embedded-main/ABS_ControlModule/ThirdParty/FreeRTOSv202112.00" -I"D:/Learn school/He_thong_nhung/Embedded-main/ABS_ControlModule/ThirdParty/FreeRTOSv202112.00/include" -I"D:/Learn school/He_thong_nhung/Embedded-main/ABS_ControlModule/ThirdParty/FreeRTOSv202112.00/portable/GCC/ARM_CM3" -O0 -ffunction-sections -fdata-sections -Wall -fstack-usage -MMD -MP -MF"ThirdParty/FreeRTOSv202112.00/list.d" -MT"ThirdParty/FreeRTOSv202112.00/list.o" --specs=nano.specs -mfloat-abi=soft -mthumb -o "ThirdParty/FreeRTOSv202112.00/list.o"
arm-none-eabi-gcc "../ThirdParty/FreeRTOSv202112.00/queue.c" -mcpu=cortex-m3 -std=gnu11 -g3 -DDEBUG -DUSE_HAL_DRIVER -DSTM32F103xB -c -I../Core/Inc -I../Drivers/STM32F1xx_HAL_Driver/Inc/Legacy -I../Drivers/STM32F1xx_HAL_Driver/Inc -I../Drivers/CMSIS/Device/ST/STM32F1xx/Include -I../Drivers/CMSIS/Include -I"D:/Learn school/He_thong_nhung/Embedded-main/ABS_ControlModule/ThirdParty/FreeRTOSv202112.00" -I"D:/Learn school/He_thong_nhung/Embedded-main/ABS_ControlModule/ThirdParty/FreeRTOSv202112.00/include" -I"D:/Learn school/He_thong_nhung/Embedded-main/ABS_ControlModule/ThirdParty/FreeRTOSv202112.00/portable/GCC/ARM_CM3" -O0 -ffunction-sections -fdata-sections -Wall -fstack-usage -MMD -MP -MF"ThirdParty/FreeRTOSv202112.00/queue.d" -MT"ThirdParty/FreeRTOSv202112.00/queue.o" --specs=nano.specs -mfloat-abi=soft -mthumb -o "ThirdParty/FreeRTOSv202112.00/queue.o"
arm-none-eabi-gcc "../ThirdParty/FreeRTOSv202112.00/stream_buffer.c" -mcpu=cortex-m3 -std=gnu11 -g3 -DDEBUG -DUSE_HAL_DRIVER -DSTM32F103xB -c -I../Core/Inc -I../Drivers/STM32F1xx_HAL_Driver/Inc/Legacy -I../Drivers/STM32F1xx_HAL_Driver/Inc -I../Drivers/CMSIS/Device/ST/STM32F1xx/Include -I../Drivers/CMSIS/Include -I"D:/Learn school/He_thong_nhung/Embedded-main/ABS_ControlModule/ThirdParty/FreeRTOSv202112.00" -I"D:/Learn school/He_thong_nhung/Embedded-main/ABS_ControlModule/ThirdParty/FreeRTOSv202112.00/include" -I"D:/Learn school/He_thong_nhung/Embedded-main/ABS_ControlModule/ThirdParty/FreeRTOSv202112.00/portable/GCC/ARM_CM3" -O0 -ffunction-sections -fdata-sections -Wall -fstack-usage -MMD -MP -MF"ThirdParty/FreeRTOSv202112.00/stream_buffer.d" -MT"ThirdParty/FreeRTOSv202112.00/stream_buffer.o" --specs=nano.specs -mfloat-abi=soft -mthumb -o "ThirdParty/FreeRTOSv202112.00/stream_buffer.o"
arm-none-eabi-gcc "../ThirdParty/FreeRTOSv202112.00/tasks.c" -mcpu=cortex-m3 -std=gnu11 -g3 -DDEBUG -DUSE_HAL_DRIVER -DSTM32F103xB -c -I../Core/Inc -I../Drivers/STM32F1xx_HAL_Driver/Inc/Legacy -I../Drivers/STM32F1xx_HAL_Driver/Inc -I../Drivers/CMSIS/Device/ST/STM32F1xx/Include -I../Drivers/CMSIS/Include -I"D:/Learn school/He_thong_nhung/Embedded-main/ABS_ControlModule/ThirdParty/FreeRTOSv202112.00" -I"D:/Learn school/He_thong_nhung/Embedded-main/ABS_ControlModule/ThirdParty/FreeRTOSv202112.00/include" -I"D:/Learn school/He_thong_nhung/Embedded-main/ABS_ControlModule/ThirdParty/FreeRTOSv202112.00/portable/GCC/ARM_CM3" -O0 -ffunction-sections -fdata-sections -Wall -fstack-usage -MMD -MP -MF"ThirdParty/FreeRTOSv202112.00/tasks.d" -MT"ThirdParty/FreeRTOSv202112.00/tasks.o" --specs=nano.specs -mfloat-abi=soft -mthumb -o "ThirdParty/FreeRTOSv202112.00/tasks.o"
arm-none-eabi-gcc "../ThirdParty/FreeRTOSv202112.00/timers.c" -mcpu=cortex-m3 -std=gnu11 -g3 -DDEBUG -DUSE_HAL_DRIVER -DSTM32F103xB -c -I../Core/Inc -I../Drivers/STM32F1xx_HAL_Driver/Inc/Legacy -I../Drivers/STM32F1xx_HAL_Driver/Inc -I../Drivers/CMSIS/Device/ST/STM32F1xx/Include -I../Drivers/CMSIS/Include -I"D:/Learn school/He_thong_nhung/Embedded-main/ABS_ControlModule/ThirdParty/FreeRTOSv202112.00" -I"D:/Learn school/He_thong_nhung/Embedded-main/ABS_ControlModule/ThirdParty/FreeRTOSv202112.00/include" -I"D:/Learn school/He_thong_nhung/Embedded-main/ABS_ControlModule/ThirdParty/FreeRTOSv202112.00/portable/GCC/ARM_CM3" -O0 -ffunction-sections -fdata-sections -Wall -fstack-usage -MMD -MP -MF"ThirdParty/FreeRTOSv202112.00/timers.d" -MT"ThirdParty/FreeRTOSv202112.00/timers.o" --specs=nano.specs -mfloat-abi=soft -mthumb -o "ThirdParty/FreeRTOSv202112.00/timers.o"
arm-none-eabi-gcc "../Drivers/STM32F1xx_HAL_Driver/Src/stm32f1xx_hal.c" -mcpu=cortex-m3 -std=gnu11 -g3 -DDEBUG -DUSE_HAL_DRIVER -DSTM32F103xB -c -I../Core/Inc -I../Drivers/STM32F1xx_HAL_Driver/Inc/Legacy -I../Drivers/STM32F1xx_HAL_Driver/Inc -I../Drivers/CMSIS/Device/ST/STM32F1xx/Include -I../Drivers/CMSIS/Include -I"D:/Learn school/He_thong_nhung/Embedded-main/ABS_ControlModule/ThirdParty/FreeRTOSv202112.00" -I"D:/Learn school/He_thong_nhung/Embedded-main/ABS_ControlModule/ThirdParty/FreeRTOSv202112.00/include" -I"D:/Learn school/He_thong_nhung/Embedded-main/ABS_ControlModule/ThirdParty/FreeRTOSv202112.00/portable/GCC/ARM_CM3" -O0 -ffunction-sections -fdata-sections -Wall -fstack-usage -MMD -MP -MF"Drivers/STM32F1xx_HAL_Driver/Src/stm32f1xx_hal.d" -MT"Drivers/STM32F1xx_HAL_Driver/Src/stm32f1xx_hal.o" --specs=nano.specs -mfloat-abi=soft -mthumb -o "Drivers/STM32F1xx_HAL_Driver/Src/stm32f1xx_hal.o"
arm-none-eabi-gcc "../Drivers/STM32F1xx_HAL_Driver/Src/stm32f1xx_hal_cortex.c" -mcpu=cortex-m3 -std=gnu11 -g3 -DDEBUG -DUSE_HAL_DRIVER -DSTM32F103xB -c -I../Core/Inc -I../Drivers/STM32F1xx_HAL_Driver/Inc/Legacy -I../Drivers/STM32F1xx_HAL_Driver/Inc -I../Drivers/CMSIS/Device/ST/STM32F1xx/Include -I../Drivers/CMSIS/Include -I"D:/Learn school/He_thong_nhung/Embedded-main/ABS_ControlModule/ThirdParty/FreeRTOSv202112.00" -I"D:/Learn school/He_thong_nhung/Embedded-main/ABS_ControlModule/ThirdParty/FreeRTOSv202112.00/include" -I"D:/Learn school/He_thong_nhung/Embedded-main/ABS_ControlModule/ThirdParty/FreeRTOSv202112.00/portable/GCC/ARM_CM3" -O0 -ffunction-sections -fdata-sections -Wall -fstack-usage -MMD -MP -MF"Drivers/STM32F1xx_HAL_Driver/Src/stm32f1xx_hal_cortex.d" -MT"Drivers/STM32F1xx_HAL_Driver/Src/stm32f1xx_hal_cortex.o" --specs=nano.specs -mfloat-abi=soft -mthumb -o "Drivers/STM32F1xx_HAL_Driver/Src/stm32f1xx_hal_cortex.o"
arm-none-eabi-gcc "../Drivers/STM32F1xx_HAL_Driver/Src/stm32f1xx_hal_dma.c" -mcpu=cortex-m3 -std=gnu11 -g3 -DDEBUG -DUSE_HAL_DRIVER -DSTM32F103xB -c -I../Core/Inc -I../Drivers/STM32F1xx_HAL_Driver/Inc/Legacy -I../Drivers/STM32F1xx_HAL_Driver/Inc -I../Drivers/CMSIS/Device/ST/STM32F1xx/Include -I../Drivers/CMSIS/Include -I"D:/Learn school/He_thong_nhung/Embedded-main/ABS_ControlModule/ThirdParty/FreeRTOSv202112.00" -I"D:/Learn school/He_thong_nhung/Embedded-main/ABS_ControlModule/ThirdParty/FreeRTOSv202112.00/include" -I"D:/Learn school/He_thong_nhung/Embedded-main/ABS_ControlModule/ThirdParty/FreeRTOSv202112.00/portable/GCC/ARM_CM3" -O0 -ffunction-sections -fdata-sections -Wall -fstack-usage -MMD -MP -MF"Drivers/STM32F1xx_HAL_Driver/Src/stm32f1xx_hal_dma.d" -MT"Drivers/STM32F1xx_HAL_Driver/Src/stm32f1xx_hal_dma.o" --specs=nano.specs -mfloat-abi=soft -mthumb -o "Drivers/STM32F1xx_HAL_Driver/Src/stm32f1xx_hal_dma.o"
arm-none-eabi-gcc "../Drivers/STM32F1xx_HAL_Driver/Src/stm32f1xx_hal_exti.c" -mcpu=cortex-m3 -std=gnu11 -g3 -DDEBUG -DUSE_HAL_DRIVER -DSTM32F103xB -c -I../Core/Inc -I../Drivers/STM32F1xx_HAL_Driver/Inc/Legacy -I../Drivers/STM32F1xx_HAL_Driver/Inc -I../Drivers/CMSIS/Device/ST/STM32F1xx/Include -I../Drivers/CMSIS/Include -I"D:/Learn school/He_thong_nhung/Embedded-main/ABS_ControlModule/ThirdParty/FreeRTOSv202112.00" -I"D:/Learn school/He_thong_nhung/Embedded-main/ABS_ControlModule/ThirdParty/FreeRTOSv202112.00/include" -I"D:/Learn school/He_thong_nhung/Embedded-main/ABS_ControlModule/ThirdParty/FreeRTOSv202112.00/portable/GCC/ARM_CM3" -O0 -ffunction-sections -fdata-sections -Wall -fstack-usage -MMD -MP -MF"Drivers/STM32F1xx_HAL_Driver/Src/stm32f1xx_hal_exti.d" -MT"Drivers/STM32F1xx_HAL_Driver/Src/stm32f1xx_hal_exti.o" --specs=nano.specs -mfloat-abi=soft -mthumb -o "Drivers/STM32F1xx_HAL_Driver/Src/stm32f1xx_hal_exti.o"
arm-none-eabi-gcc "../Drivers/STM32F1xx_HAL_Driver/Src/stm32f1xx_hal_flash.c" -mcpu=cortex-m3 -std=gnu11 -g3 -DDEBUG -DUSE_HAL_DRIVER -DSTM32F103xB -c -I../Core/Inc -I../Drivers/STM32F1xx_HAL_Driver/Inc/Legacy -I../Drivers/STM32F1xx_HAL_Driver/Inc -I../Drivers/CMSIS/Device/ST/STM32F1xx/Include -I../Drivers/CMSIS/Include -I"D:/Learn school/He_thong_nhung/Embedded-main/ABS_ControlModule/ThirdParty/FreeRTOSv202112.00" -I"D:/Learn school/He_thong_nhung/Embedded-main/ABS_ControlModule/ThirdParty/FreeRTOSv202112.00/include" -I"D:/Learn school/He_thong_nhung/Embedded-main/ABS_ControlModule/ThirdParty/FreeRTOSv202112.00/portable/GCC/ARM_CM3" -O0 -ffunction-sections -fdata-sections -Wall -fstack-usage -MMD -MP -MF"Drivers/STM32F1xx_HAL_Driver/Src/stm32f1xx_hal_flash.d" -MT"Drivers/STM32F1xx_HAL_Driver/Src/stm32f1xx_hal_flash.o" --specs=nano.specs -mfloat-abi=soft -mthumb -o "Drivers/STM32F1xx_HAL_Driver/Src/stm32f1xx_hal_flash.o"
arm-none-eabi-gcc "../Drivers/STM32F1xx_HAL_Driver/Src/stm32f1xx_hal_flash_ex.c" -mcpu=cortex-m3 -std=gnu11 -g3 -DDEBUG -DUSE_HAL_DRIVER -DSTM32F103xB -c -I../Core/Inc -I../Drivers/STM32F1xx_HAL_Driver/Inc/Legacy -I../Drivers/STM32F1xx_HAL_Driver/Inc -I../Drivers/CMSIS/Device/ST/STM32F1xx/Include -I../Drivers/CMSIS/Include -I"D:/Learn school/He_thong_nhung/Embedded-main/ABS_ControlModule/ThirdParty/FreeRTOSv202112.00" -I"D:/Learn school/He_thong_nhung/Embedded-main/ABS_ControlModule/ThirdParty/FreeRTOSv202112.00/include" -I"D:/Learn school/He_thong_nhung/Embedded-main/ABS_ControlModule/ThirdParty/FreeRTOSv202112.00/portable/GCC/ARM_CM3" -O0 -ffunction-sections -fdata-sections -Wall -fstack-usage -MMD -MP -MF"Drivers/STM32F1xx_HAL_Driver/Src/stm32f1xx_hal_flash_ex.d" -MT"Drivers/STM32F1xx_HAL_Driver/Src/stm32f1xx_hal_flash_ex.o" --specs=nano.specs -mfloat-abi=soft -mthumb -o "Drivers/STM32F1xx_HAL_Driver/Src/stm32f1xx_hal_flash_ex.o"
arm-none-eabi-gcc "../Drivers/STM32F1xx_HAL_Driver/Src/stm32f1xx_hal_gpio.c" -mcpu=cortex-m3 -std=gnu11 -g3 -DDEBUG -DUSE_HAL_DRIVER -DSTM32F103xB -c -I../Core/Inc -I../Drivers/STM32F1xx_HAL_Driver/Inc/Legacy -I../Drivers/STM32F1xx_HAL_Driver/Inc -I../Drivers/CMSIS/Device/ST/STM32F1xx/Include -I../Drivers/CMSIS/Include -I"D:/Learn school/He_thong_nhung/Embedded-main/ABS_ControlModule/ThirdParty/FreeRTOSv202112.00" -I"D:/Learn school/He_thong_nhung/Embedded-main/ABS_ControlModule/ThirdParty/FreeRTOSv202112.00/include" -I"D:/Learn school/He_thong_nhung/Embedded-main/ABS_ControlModule/ThirdParty/FreeRTOSv202112.00/portable/GCC/ARM_CM3" -O0 -ffunction-sections -fdata-sections -Wall -fstack-usage -MMD -MP -MF"Drivers/STM32F1xx_HAL_Driver/Src/stm32f1xx_hal_gpio.d" -MT"Drivers/STM32F1xx_HAL_Driver/Src/stm32f1xx_hal_gpio.o" --specs=nano.specs -mfloat-abi=soft -mthumb -o "Drivers/STM32F1xx_HAL_Driver/Src/stm32f1xx_hal_gpio.o"
arm-none-eabi-gcc "../Drivers/STM32F1xx_HAL_Driver/Src/stm32f1xx_hal_gpio_ex.c" -mcpu=cortex-m3 -std=gnu11 -g3 -DDEBUG -DUSE_HAL_DRIVER -DSTM32F103xB -c -I../Core/Inc -I../Drivers/STM32F1xx_HAL_Driver/Inc/Legacy -I../Drivers/STM32F1xx_HAL_Driver/Inc -I../Drivers/CMSIS/Device/ST/STM32F1xx/Include -I../Drivers/CMSIS/Include -I"D:/Learn school/He_thong_nhung/Embedded-main/ABS_ControlModule/ThirdParty/FreeRTOSv202112.00" -I"D:/Learn school/He_thong_nhung/Embedded-main/ABS_ControlModule/ThirdParty/FreeRTOSv202112.00/include" -I"D:/Learn school/He_thong_nhung/Embedded-main/ABS_ControlModule/ThirdParty/FreeRTOSv202112.00/portable/GCC/ARM_CM3" -O0 -ffunction-sections -fdata-sections -Wall -fstack-usage -MMD -MP -MF"Drivers/STM32F1xx_HAL_Driver/Src/stm32f1xx_hal_gpio_ex.d" -MT"Drivers/STM32F1xx_HAL_Driver/Src/stm32f1xx_hal_gpio_ex.o" --specs=nano.specs -mfloat-abi=soft -mthumb -o "Drivers/STM32F1xx_HAL_Driver/Src/stm32f1xx_hal_gpio_ex.o"
arm-none-eabi-gcc "../Drivers/STM32F1xx_HAL_Driver/Src/stm32f1xx_hal_pwr.c" -mcpu=cortex-m3 -std=gnu11 -g3 -DDEBUG -DUSE_HAL_DRIVER -DSTM32F103xB -c -I../Core/Inc -I../Drivers/STM32F1xx_HAL_Driver/Inc/Legacy -I../Drivers/STM32F1xx_HAL_Driver/Inc -I../Drivers/CMSIS/Device/ST/STM32F1xx/Include -I../Drivers/CMSIS/Include -I"D:/Learn school/He_thong_nhung/Embedded-main/ABS_ControlModule/ThirdParty/FreeRTOSv202112.00" -I"D:/Learn school/He_thong_nhung/Embedded-main/ABS_ControlModule/ThirdParty/FreeRTOSv202112.00/include" -I"D:/Learn school/He_thong_nhung/Embedded-main/ABS_ControlModule/ThirdParty/FreeRTOSv202112.00/portable/GCC/ARM_CM3" -O0 -ffunction-sections -fdata-sections -Wall -fstack-usage -MMD -MP -MF"Drivers/STM32F1xx_HAL_Driver/Src/stm32f1xx_hal_pwr.d" -MT"Drivers/STM32F1xx_HAL_Driver/Src/stm32f1xx_hal_pwr.o" --specs=nano.specs -mfloat-abi=soft -mthumb -o "Drivers/STM32F1xx_HAL_Driver/Src/stm32f1xx_hal_pwr.o"
arm-none-eabi-gcc "../Drivers/STM32F1xx_HAL_Driver/Src/stm32f1xx_hal_rcc.c" -mcpu=cortex-m3 -std=gnu11 -g3 -DDEBUG -DUSE_HAL_DRIVER -DSTM32F103xB -c -I../Core/Inc -I../Drivers/STM32F1xx_HAL_Driver/Inc/Legacy -I../Drivers/STM32F1xx_HAL_Driver/Inc -I../Drivers/CMSIS/Device/ST/STM32F1xx/Include -I../Drivers/CMSIS/Include -I"D:/Learn school/He_thong_nhung/Embedded-main/ABS_ControlModule/ThirdParty/FreeRTOSv202112.00" -I"D:/Learn school/He_thong_nhung/Embedded-main/ABS_ControlModule/ThirdParty/FreeRTOSv202112.00/include" -I"D:/Learn school/He_thong_nhung/Embedded-main/ABS_ControlModule/ThirdParty/FreeRTOSv202112.00/portable/GCC/ARM_CM3" -O0 -ffunction-sections -fdata-sections -Wall -fstack-usage -MMD -MP -MF"Drivers/STM32F1xx_HAL_Driver/Src/stm32f1xx_hal_rcc.d" -MT"Drivers/STM32F1xx_HAL_Driver/Src/stm32f1xx_hal_rcc.o" --specs=nano.specs -mfloat-abi=soft -mthumb -o "Drivers/STM32F1xx_HAL_Driver/Src/stm32f1xx_hal_rcc.o"
arm-none-eabi-gcc "../Drivers/STM32F1xx_HAL_Driver/Src/stm32f1xx_hal_rcc_ex.c" -mcpu=cortex-m3 -std=gnu11 -g3 -DDEBUG -DUSE_HAL_DRIVER -DSTM32F103xB -c -I../Core/Inc -I../Drivers/STM32F1xx_HAL_Driver/Inc/Legacy -I../Drivers/STM32F1xx_HAL_Driver/Inc -I../Drivers/CMSIS/Device/ST/STM32F1xx/Include -I../Drivers/CMSIS/Include -I"D:/Learn school/He_thong_nhung/Embedded-main/ABS_ControlModule/ThirdParty/FreeRTOSv202112.00" -I"D:/Learn school/He_thong_nhung/Embedded-main/ABS_ControlModule/ThirdParty/FreeRTOSv202112.00/include" -I"D:/Learn school/He_thong_nhung/Embedded-main/ABS_ControlModule/ThirdParty/FreeRTOSv202112.00/portable/GCC/ARM_CM3" -O0 -ffunction-sections -fdata-sections -Wall -fstack-usage -MMD -MP -MF"Drivers/STM32F1xx_HAL_Driver/Src/stm32f1xx_hal_rcc_ex.d" -MT"Drivers/STM32F1xx_HAL_Driver/Src/stm32f1xx_hal_rcc_ex.o" --specs=nano.specs -mfloat-abi=soft -mthumb -o "Drivers/STM32F1xx_HAL_Driver/Src/stm32f1xx_hal_rcc_ex.o"
arm-none-eabi-gcc "../Drivers/STM32F1xx_HAL_Driver/Src/stm32f1xx_hal_tim.c" -mcpu=cortex-m3 -std=gnu11 -g3 -DDEBUG -DUSE_HAL_DRIVER -DSTM32F103xB -c -I../Core/Inc -I../Drivers/STM32F1xx_HAL_Driver/Inc/Legacy -I../Drivers/STM32F1xx_HAL_Driver/Inc -I../Drivers/CMSIS/Device/ST/STM32F1xx/Include -I../Drivers/CMSIS/Include -I"D:/Learn school/He_thong_nhung/Embedded-main/ABS_ControlModule/ThirdParty/FreeRTOSv202112.00" -I"D:/Learn school/He_thong_nhung/Embedded-main/ABS_ControlModule/ThirdParty/FreeRTOSv202112.00/include" -I"D:/Learn school/He_thong_nhung/Embedded-main/ABS_ControlModule/ThirdParty/FreeRTOSv202112.00/portable/GCC/ARM_CM3" -O0 -ffunction-sections -fdata-sections -Wall -fstack-usage -MMD -MP -MF"Drivers/STM32F1xx_HAL_Driver/Src/stm32f1xx_hal_tim.d" -MT"Drivers/STM32F1xx_HAL_Driver/Src/stm32f1xx_hal_tim.o" --specs=nano.specs -mfloat-abi=soft -mthumb -o "Drivers/STM32F1xx_HAL_Driver/Src/stm32f1xx_hal_tim.o"
arm-none-eabi-gcc "../Drivers/STM32F1xx_HAL_Driver/Src/stm32f1xx_hal_tim_ex.c" -mcpu=cortex-m3 -std=gnu11 -g3 -DDEBUG -DUSE_HAL_DRIVER -DSTM32F103xB -c -I../Core/Inc -I../Drivers/STM32F1xx_HAL_Driver/Inc/Legacy -I../Drivers/STM32F1xx_HAL_Driver/Inc -I../Drivers/CMSIS/Device/ST/STM32F1xx/Include -I../Drivers/CMSIS/Include -I"D:/Learn school/He_thong_nhung/Embedded-main/ABS_ControlModule/ThirdParty/FreeRTOSv202112.00" -I"D:/Learn school/He_thong_nhung/Embedded-main/ABS_ControlModule/ThirdParty/FreeRTOSv202112.00/include" -I"D:/Learn school/He_thong_nhung/Embedded-main/ABS_ControlModule/ThirdParty/FreeRTOSv202112.00/portable/GCC/ARM_CM3" -O0 -ffunction-sections -fdata-sections -Wall -fstack-usage -MMD -MP -MF"Drivers/STM32F1xx_HAL_Driver/Src/stm32f1xx_hal_tim_ex.d" -MT"Drivers/STM32F1xx_HAL_Driver/Src/stm32f1xx_hal_tim_ex.o" --specs=nano.specs -mfloat-abi=soft -mthumb -o "Drivers/STM32F1xx_HAL_Driver/Src/stm32f1xx_hal_tim_ex.o"
arm-none-eabi-gcc "../Drivers/STM32F1xx_HAL_Driver/Src/stm32f1xx_hal_uart.c" -mcpu=cortex-m3 -std=gnu11 -g3 -DDEBUG -DUSE_HAL_DRIVER -DSTM32F103xB -c -I../Core/Inc -I../Drivers/STM32F1xx_HAL_Driver/Inc/Legacy -I../Drivers/STM32F1xx_HAL_Driver/Inc -I../Drivers/CMSIS/Device/ST/STM32F1xx/Include -I../Drivers/CMSIS/Include -I"D:/Learn school/He_thong_nhung/Embedded-main/ABS_ControlModule/ThirdParty/FreeRTOSv202112.00" -I"D:/Learn school/He_thong_nhung/Embedded-main/ABS_ControlModule/ThirdParty/FreeRTOSv202112.00/include" -I"D:/Learn school/He_thong_nhung/Embedded-main/ABS_ControlModule/ThirdParty/FreeRTOSv202112.00/portable/GCC/ARM_CM3" -O0 -ffunction-sections -fdata-sections -Wall -fstack-usage -MMD -MP -MF"Drivers/STM32F1xx_HAL_Driver/Src/stm32f1xx_hal_uart.d" -MT"Drivers/STM32F1xx_HAL_Driver/Src/stm32f1xx_hal_uart.o" --specs=nano.specs -mfloat-abi=soft -mthumb -o "Drivers/STM32F1xx_HAL_Driver/Src/stm32f1xx_hal_uart.o"
arm-none-eabi-gcc -mcpu=cortex-m3 -g3 -DDEBUG -c -x assembler-with-cpp -MMD -MP -MF"Core/Startup/startup_stm32f103c8tx.d" -MT"Core/Startup/startup_stm32f103c8tx.o" --specs=nano.specs -mfloat-abi=soft -mthumb -o "Core/Startup/startup_stm32f103c8tx.o" "../Core/Startup/startup_stm32f103c8tx.s"
arm-none-eabi-gcc "../Core/Src/main.c" -mcpu=cortex-m3 -std=gnu11 -g3 -DDEBUG -DUSE_HAL_DRIVER -DSTM32F103xB -c -I../Core/Inc -I../Drivers/STM32F1xx_HAL_Driver/Inc/Legacy -I../Drivers/STM32F1xx_HAL_Driver/Inc -I../Drivers/CMSIS/Device/ST/STM32F1xx/Include -I../Drivers/CMSIS/Include -I"D:/Learn school/He_thong_nhung/Embedded-main/ABS_ControlModule/ThirdParty/FreeRTOSv202112.00" -I"D:/Learn school/He_thong_nhung/Embedded-main/ABS_ControlModule/ThirdParty/FreeRTOSv202112.00/include" -I"D:/Learn school/He_thong_nhung/Embedded-main/ABS_ControlModule/ThirdParty/FreeRTOSv202112.00/portable/GCC/ARM_CM3" -O0 -ffunction-sections -fdata-sections -Wall -fstack-usage -MMD -MP -MF"Core/Src/main.d" -MT"Core/Src/main.o" --specs=nano.specs -mfloat-abi=soft -mthumb -o "Core/Src/main.o"
arm-none-eabi-gcc "../Core/Src/stm32f1xx_hal_msp.c" -mcpu=cortex-m3 -std=gnu11 -g3 -DDEBUG -DUSE_HAL_DRIVER -DSTM32F103xB -c -I../Core/Inc -I../Drivers/STM32F1xx_HAL_Driver/Inc/Legacy -I../Drivers/STM32F1xx_HAL_Driver/Inc -I../Drivers/CMSIS/Device/ST/STM32F1xx/Include -I../Drivers/CMSIS/Include -I"D:/Learn school/He_thong_nhung/Embedded-main/ABS_ControlModule/ThirdParty/FreeRTOSv202112.00" -I"D:/Learn school/He_thong_nhung/Embedded-main/ABS_ControlModule/ThirdParty/FreeRTOSv202112.00/include" -I"D:/Learn school/He_thong_nhung/Embedded-main/ABS_ControlModule/ThirdParty/FreeRTOSv202112.00/portable/GCC/ARM_CM3" -O0 -ffunction-sections -fdata-sections -Wall -fstack-usage -MMD -MP -MF"Core/Src/stm32f1xx_hal_msp.d" -MT"Core/Src/stm32f1xx_hal_msp.o" --specs=nano.specs -mfloat-abi=soft -mthumb -o "Core/Src/stm32f1xx_hal_msp.o"
arm-none-eabi-gcc "../Core/Src/stm32f1xx_hal_timebase_tim.c" -mcpu=cortex-m3 -std=gnu11 -g3 -DDEBUG -DUSE_HAL_DRIVER -DSTM32F103xB -c -I../Core/Inc -I../Drivers/STM32F1xx_HAL_Driver/Inc/Legacy -I../Drivers/STM32F1xx_HAL_Driver/Inc -I../Drivers/CMSIS/Device/ST/STM32F1xx/Include -I../Drivers/CMSIS/Include -I"D:/Learn school/He_thong_nhung/Embedded-main/ABS_ControlModule/ThirdParty/FreeRTOSv202112.00" -I"D:/Learn school/He_thong_nhung/Embedded-main/ABS_ControlModule/ThirdParty/FreeRTOSv202112.00/include" -I"D:/Learn school/He_thong_nhung/Embedded-main/ABS_ControlModule/ThirdParty/FreeRTOSv202112.00/portable/GCC/ARM_CM3" -O0 -ffunction-sections -fdata-sections -Wall -fstack-usage -MMD -MP -MF"Core/Src/stm32f1xx_hal_timebase_tim.d" -MT"Core/Src/stm32f1xx_hal_timebase_tim.o" --specs=nano.specs -mfloat-abi=soft -mthumb -o "Core/Src/stm32f1xx_hal_timebase_tim.o"
arm-none-eabi-gcc "../Core/Src/stm32f1xx_it.c" -mcpu=cortex-m3 -std=gnu11 -g3 -DDEBUG -DUSE_HAL_DRIVER -DSTM32F103xB -c -I../Core/Inc -I../Drivers/STM32F1xx_HAL_Driver/Inc/Legacy -I../Drivers/STM32F1xx_HAL_Driver/Inc -I../Drivers/CMSIS/Device/ST/STM32F1xx/Include -I../Drivers/CMSIS/Include -I"D:/Learn school/He_thong_nhung/Embedded-main/ABS_ControlModule/ThirdParty/FreeRTOSv202112.00" -I"D:/Learn school/He_thong_nhung/Embedded-main/ABS_ControlModule/ThirdParty/FreeRTOSv202112.00/include" -I"D:/Learn school/He_thong_nhung/Embedded-main/ABS_ControlModule/ThirdParty/FreeRTOSv202112.00/portable/GCC/ARM_CM3" -O0 -ffunction-sections -fdata-sections -Wall -fstack-usage -MMD -MP -MF"Core/Src/stm32f1xx_it.d" -MT"Core/Src/stm32f1xx_it.o" --specs=nano.specs -mfloat-abi=soft -mthumb -o "Core/Src/stm32f1xx_it.o"
arm-none-eabi-gcc "../Core/Src/syscalls.c" -mcpu=cortex-m3 -std=gnu11 -g3 -DDEBUG -DUSE_HAL_DRIVER -DSTM32F103xB -c -I../Core/Inc -I../Drivers/STM32F1xx_HAL_Driver/Inc/Legacy -I../Drivers/STM32F1xx_HAL_Driver/Inc -I../Drivers/CMSIS/Device/ST/STM32F1xx/Include -I../Drivers/CMSIS/Include -I"D:/Learn school/He_thong_nhung/Embedded-main/ABS_ControlModule/ThirdParty/FreeRTOSv202112.00" -I"D:/Learn school/He_thong_nhung/Embedded-main/ABS_ControlModule/ThirdParty/FreeRTOSv202112.00/include" -I"D:/Learn school/He_thong_nhung/Embedded-main/ABS_ControlModule/ThirdParty/FreeRTOSv202112.00/portable/GCC/ARM_CM3" -O0 -ffunction-sections -fdata-sections -Wall -fstack-usage -MMD -MP -MF"Core/Src/syscalls.d" -MT"Core/Src/syscalls.o" --specs=nano.specs -mfloat-abi=soft -mthumb -o "Core/Src/syscalls.o"
arm-none-eabi-gcc "../Core/Src/system_stm32f1xx.c" -mcpu=cortex-m3 -std=gnu11 -g3 -DDEBUG -DUSE_HAL_DRIVER -DSTM32F103xB -c -I../Core/Inc -I../Drivers/STM32F1xx_HAL_Driver/Inc/Legacy -I../Drivers/STM32F1xx_HAL_Driver/Inc -I../Drivers/CMSIS/Device/ST/STM32F1xx/Include -I../Drivers/CMSIS/Include -I"D:/Learn school/He_thong_nhung/Embedded-main/ABS_ControlModule/ThirdParty/FreeRTOSv202112.00" -I"D:/Learn school/He_thong_nhung/Embedded-main/ABS_ControlModule/ThirdParty/FreeRTOSv202112.00/include" -I"D:/Learn school/He_thong_nhung/Embedded-main/ABS_ControlModule/ThirdParty/FreeRTOSv202112.00/portable/GCC/ARM_CM3" -O0 -ffunction-sections -fdata-sections -Wall -fstack-usage -MMD -MP -MF"Core/Src/system_stm32f1xx.d" -MT"Core/Src/system_stm32f1xx.o" --specs=nano.specs -mfloat-abi=soft -mthumb -o "Core/Src/system_stm32f1xx.o"
arm-none-eabi-gcc -o "ABS_ControlModule.elf" @"objects.list"   -mcpu=cortex-m3 -T"D:\Learn school\He_thong_nhung\Embedded-main\ABS_ControlModule\STM32F103C8TX_FLASH.ld" --specs=nosys.specs -Wl,-Map="ABS_ControlModule.map" -Wl,--gc-sections -static --specs=nano.specs -mfloat-abi=soft -mthumb -Wl,--start-group -lc -lm -Wl,--end-group
Finished building target: ABS_ControlModule.elf
 
arm-none-eabi-size   ABS_ControlModule.elf 
arm-none-eabi-objdump -h -S  ABS_ControlModule.elf  > "ABS_ControlModule.list"
   text	   data	    bss	    dec	    hex	filename
  20224	     32	  12336	  32592	   7f50	ABS_ControlModule.elf
Finished building: default.size.stdout
 
Finished building: ABS_ControlModule.list
 
arm-none-eabi-objcopy -O ihex ABS_ControlModule.elf ABS_ControlModule.hex
 
21:26:10 **** Clean-only build of configuration Debug for project ABS_DataSimu ****
make -j12 clean 
rm -rf ./Drivers/STM32F1xx_HAL_Driver/Src/stm32f1xx_hal.d ./Drivers/STM32F1xx_HAL_Driver/Src/stm32f1xx_hal.o ./Drivers/STM32F1xx_HAL_Driver/Src/stm32f1xx_hal.su ./Drivers/STM32F1xx_HAL_Driver/Src/stm32f1xx_hal_adc.d ./Drivers/STM32F1xx_HAL_Driver/Src/stm32f1xx_hal_adc.o ./Drivers/STM32F1xx_HAL_Driver/Src/stm32f1xx_hal_adc.su ./Drivers/STM32F1xx_HAL_Driver/Src/stm32f1xx_hal_adc_ex.d ./Drivers/STM32F1xx_HAL_Driver/Src/stm32f1xx_hal_adc_ex.o ./Drivers/STM32F1xx_HAL_Driver/Src/stm32f1xx_hal_adc_ex.su ./Drivers/STM32F1xx_HAL_Driver/Src/stm32f1xx_hal_cortex.d ./Drivers/STM32F1xx_HAL_Driver/Src/stm32f1xx_hal_cortex.o ./Drivers/STM32F1xx_HAL_Driver/Src/stm32f1xx_hal_cortex.su ./Drivers/STM32F1xx_HAL_Driver/Src/stm32f1xx_hal_dma.d ./Drivers/STM32F1xx_HAL_Driver/Src/stm32f1xx_hal_dma.o ./Drivers/STM32F1xx_HAL_Driver/Src/stm32f1xx_hal_dma.su ./Drivers/STM32F1xx_HAL_Driver/Src/stm32f1xx_hal_exti.d ./Drivers/STM32F1xx_HAL_Driver/Src/stm32f1xx_hal_exti.o ./Drivers/STM32F1xx_HAL_Driver/Src/stm32f1xx_hal_exti.su ./Drivers/STM32F1xx_HAL_Driver/Src/stm32f1xx_hal_flash.d ./Drivers/STM32F1xx_HAL_Driver/Src/stm32f1xx_hal_flash.o ./Drivers/STM32F1xx_HAL_Driver/Src/stm32f1xx_hal_flash.su ./Drivers/STM32F1xx_HAL_Driver/Src/stm32f1xx_hal_flash_ex.d ./Drivers/STM32F1xx_HAL_Driver/Src/stm32f1xx_hal_flash_ex.o ./Drivers/STM32F1xx_HAL_Driver/Src/stm32f1xx_hal_flash_ex.su ./Drivers/STM32F1xx_HAL_Driver/Src/stm32f1xx_hal_gpio.d ./Drivers/STM32F1xx_HAL_Driver/Src/stm32f1xx_hal_gpio.o ./Drivers/STM32F1xx_HAL_Driver/Src/stm32f1xx_hal_gpio.su ./Drivers/STM32F1xx_HAL_Driver/Src/stm32f1xx_hal_gpio_ex.d ./Drivers/STM32F1xx_HAL_Driver/Src/stm32f1xx_hal_gpio_ex.o ./Drivers/STM32F1xx_HAL_Driver/Src/stm32f1xx_hal_gpio_ex.su ./Drivers/STM32F1xx_HAL_Driver/Src/stm32f1xx_hal_pwr.d ./Drivers/STM32F1xx_HAL_Driver/Src/stm32f1xx_hal_pwr.o ./Drivers/STM32F1xx_HAL_Driver/Src/stm32f1xx_hal_pwr.su ./Drivers/STM32F1xx_HAL_Driver/Src/stm32f1xx_hal_rcc.d ./Drivers/STM32F1xx_HAL_Driver/Src/stm32f1xx_hal_rcc.o ./Drivers/STM32F1xx_HAL_Driver/Src/stm32f1xx_hal_rcc.su ./Drivers/STM32F1xx_HAL_Driver/Src/stm32f1xx_hal_rcc_ex.d ./Drivers/STM32F1xx_HAL_Driver/Src/stm32f1xx_hal_rcc_ex.o ./Drivers/STM32F1xx_HAL_Driver/Src/stm32f1xx_hal_rcc_ex.su ./Drivers/STM32F1xx_HAL_Driver/Src/stm32f1xx_hal_tim.d ./Drivers/STM32F1xx_HAL_Driver/Src/stm32f1xx_hal_tim.o ./Drivers/STM32F1xx_HAL_Driver/Src/stm32f1xx_hal_tim.su ./Drivers/STM32F1xx_HAL_Driver/Src/stm32f1xx_hal_tim_ex.d ./Drivers/STM32F1xx_HAL_Driver/Src/stm32f1xx_hal_tim_ex.o ./Drivers/STM32F1xx_HAL_Driver/Src/stm32f1xx_hal_tim_ex.su ./Drivers/STM32F1xx_HAL_Driver/Src/stm32f1xx_hal_uart.d ./Drivers/STM32F1xx_HAL_Driver/Src/stm32f1xx_hal_uart.o ./Drivers/STM32F1xx_HAL_Driver/Src/stm32f1xx_hal_uart.su
rm -rf ./Core/Startup/startup_stm32f103c8tx.d ./Core/Startup/startup_stm32f103c8tx.o
rm -rf ./Core/Src/main.d ./Core/Src/main.o ./Core/Src/main.su ./Core/Src/stm32f1xx_hal_msp.d ./Core/Src/stm32f1xx_hal_msp.o ./Core/Src/stm32f1xx_hal_msp.su ./Core/Src/stm32f1xx_hal_timebase_tim.d ./Core/Src/stm32f1xx_hal_timebase_tim.o ./Core/Src/stm32f1xx_hal_timebase_tim.su ./Core/Src/stm32f1xx_it.d ./Core/Src/stm32f1xx_it.o ./Core/Src/stm32f1xx_it.su ./Core/Src/syscalls.d ./Core/Src/syscalls.o ./Core/Src/syscalls.su ./Core/Src/sysmem.d ./Core/Src/sysmem.o ./Core/Src/sysmem.su ./Core/Src/system_stm32f1xx.d ./Core/Src/system_stm32f1xx.o ./Core/Src/system_stm32f1xx.su
rm -rf ABS_DataSimu.elf ABS_DataSimu.list ABS_DataSimu.map default.size.stdout
 
21:26:11 **** Build of configuration Debug for project ABS_DataSimu ****
make -j12 all 
arm-none-eabi-gcc "../Drivers/STM32F1xx_HAL_Driver/Src/stm32f1xx_hal.c" -mcpu=cortex-m3 -std=gnu11 -g3 -DDEBUG -DUSE_HAL_DRIVER -DSTM32F103xB -c -I../Core/Inc -I../Drivers/STM32F1xx_HAL_Driver/Inc/Legacy -I../Drivers/STM32F1xx_HAL_Driver/Inc -I../Drivers/CMSIS/Device/ST/STM32F1xx/Include -I../Drivers/CMSIS/Include -I"D:/Learn school/He_thong_nhung/Embedded-main/ABS_DataSimu/ThirdParty/FreeRTOSv202112.00" -I"D:/Learn school/He_thong_nhung/Embedded-main/ABS_DataSimu/ThirdParty/FreeRTOSv202112.00/include" -I"D:/Learn school/He_thong_nhung/Embedded-main/ABS_DataSimu/ThirdParty/FreeRTOSv202112.00/portable/GCC/ARM_CM3" -O0 -ffunction-sections -fdata-sections -Wall -fstack-usage -MMD -MP -MF"Drivers/STM32F1xx_HAL_Driver/Src/stm32f1xx_hal.d" -MT"Drivers/STM32F1xx_HAL_Driver/Src/stm32f1xx_hal.o" --specs=nano.specs -mfloat-abi=soft -mthumb -o "Drivers/STM32F1xx_HAL_Driver/Src/stm32f1xx_hal.o"
arm-none-eabi-gcc "../Drivers/STM32F1xx_HAL_Driver/Src/stm32f1xx_hal_adc.c" -mcpu=cortex-m3 -std=gnu11 -g3 -DDEBUG -DUSE_HAL_DRIVER -DSTM32F103xB -c -I../Core/Inc -I../Drivers/STM32F1xx_HAL_Driver/Inc/Legacy -I../Drivers/STM32F1xx_HAL_Driver/Inc -I../Drivers/CMSIS/Device/ST/STM32F1xx/Include -I../Drivers/CMSIS/Include -I"D:/Learn school/He_thong_nhung/Embedded-main/ABS_DataSimu/ThirdParty/FreeRTOSv202112.00" -I"D:/Learn school/He_thong_nhung/Embedded-main/ABS_DataSimu/ThirdParty/FreeRTOSv202112.00/include" -I"D:/Learn school/He_thong_nhung/Embedded-main/ABS_DataSimu/ThirdParty/FreeRTOSv202112.00/portable/GCC/ARM_CM3" -O0 -ffunction-sections -fdata-sections -Wall -fstack-usage -MMD -MP -MF"Drivers/STM32F1xx_HAL_Driver/Src/stm32f1xx_hal_adc.d" -MT"Drivers/STM32F1xx_HAL_Driver/Src/stm32f1xx_hal_adc.o" --specs=nano.specs -mfloat-abi=soft -mthumb -o "Drivers/STM32F1xx_HAL_Driver/Src/stm32f1xx_hal_adc.o"
arm-none-eabi-gcc "../Drivers/STM32F1xx_HAL_Driver/Src/stm32f1xx_hal_adc_ex.c" -mcpu=cortex-m3 -std=gnu11 -g3 -DDEBUG -DUSE_HAL_DRIVER -DSTM32F103xB -c -I../Core/Inc -I../Drivers/STM32F1xx_HAL_Driver/Inc/Legacy -I../Drivers/STM32F1xx_HAL_Driver/Inc -I../Drivers/CMSIS/Device/ST/STM32F1xx/Include -I../Drivers/CMSIS/Include -I"D:/Learn school/He_thong_nhung/Embedded-main/ABS_DataSimu/ThirdParty/FreeRTOSv202112.00" -I"D:/Learn school/He_thong_nhung/Embedded-main/ABS_DataSimu/ThirdParty/FreeRTOSv202112.00/include" -I"D:/Learn school/He_thong_nhung/Embedded-main/ABS_DataSimu/ThirdParty/FreeRTOSv202112.00/portable/GCC/ARM_CM3" -O0 -ffunction-sections -fdata-sections -Wall -fstack-usage -MMD -MP -MF"Drivers/STM32F1xx_HAL_Driver/Src/stm32f1xx_hal_adc_ex.d" -MT"Drivers/STM32F1xx_HAL_Driver/Src/stm32f1xx_hal_adc_ex.o" --specs=nano.specs -mfloat-abi=soft -mthumb -o "Drivers/STM32F1xx_HAL_Driver/Src/stm32f1xx_hal_adc_ex.o"
arm-none-eabi-gcc "../Drivers/STM32F1xx_HAL_Driver/Src/stm32f1xx_hal_cortex.c" -mcpu=cortex-m3 -std=gnu11 -g3 -DDEBUG -DUSE_HAL_DRIVER -DSTM32F103xB -c -I../Core/Inc -I../Drivers/STM32F1xx_HAL_Driver/Inc/Legacy -I../Drivers/STM32F1xx_HAL_Driver/Inc -I../Drivers/CMSIS/Device/ST/STM32F1xx/Include -I../Drivers/CMSIS/Include -I"D:/Learn school/He_thong_nhung/Embedded-main/ABS_DataSimu/ThirdParty/FreeRTOSv202112.00" -I"D:/Learn school/He_thong_nhung/Embedded-main/ABS_DataSimu/ThirdParty/FreeRTOSv202112.00/include" -I"D:/Learn school/He_thong_nhung/Embedded-main/ABS_DataSimu/ThirdParty/FreeRTOSv202112.00/portable/GCC/ARM_CM3" -O0 -ffunction-sections -fdata-sections -Wall -fstack-usage -MMD -MP -MF"Drivers/STM32F1xx_HAL_Driver/Src/stm32f1xx_hal_cortex.d" -MT"Drivers/STM32F1xx_HAL_Driver/Src/stm32f1xx_hal_cortex.o" --specs=nano.specs -mfloat-abi=soft -mthumb -o "Drivers/STM32F1xx_HAL_Driver/Src/stm32f1xx_hal_cortex.o"
arm-none-eabi-gcc "../Drivers/STM32F1xx_HAL_Driver/Src/stm32f1xx_hal_dma.c" -mcpu=cortex-m3 -std=gnu11 -g3 -DDEBUG -DUSE_HAL_DRIVER -DSTM32F103xB -c -I../Core/Inc -I../Drivers/STM32F1xx_HAL_Driver/Inc/Legacy -I../Drivers/STM32F1xx_HAL_Driver/Inc -I../Drivers/CMSIS/Device/ST/STM32F1xx/Include -I../Drivers/CMSIS/Include -I"D:/Learn school/He_thong_nhung/Embedded-main/ABS_DataSimu/ThirdParty/FreeRTOSv202112.00" -I"D:/Learn school/He_thong_nhung/Embedded-main/ABS_DataSimu/ThirdParty/FreeRTOSv202112.00/include" -I"D:/Learn school/He_thong_nhung/Embedded-main/ABS_DataSimu/ThirdParty/FreeRTOSv202112.00/portable/GCC/ARM_CM3" -O0 -ffunction-sections -fdata-sections -Wall -fstack-usage -MMD -MP -MF"Drivers/STM32F1xx_HAL_Driver/Src/stm32f1xx_hal_dma.d" -MT"Drivers/STM32F1xx_HAL_Driver/Src/stm32f1xx_hal_dma.o" --specs=nano.specs -mfloat-abi=soft -mthumb -o "Drivers/STM32F1xx_HAL_Driver/Src/stm32f1xx_hal_dma.o"
arm-none-eabi-gcc "../Drivers/STM32F1xx_HAL_Driver/Src/stm32f1xx_hal_exti.c" -mcpu=cortex-m3 -std=gnu11 -g3 -DDEBUG -DUSE_HAL_DRIVER -DSTM32F103xB -c -I../Core/Inc -I../Drivers/STM32F1xx_HAL_Driver/Inc/Legacy -I../Drivers/STM32F1xx_HAL_Driver/Inc -I../Drivers/CMSIS/Device/ST/STM32F1xx/Include -I../Drivers/CMSIS/Include -I"D:/Learn school/He_thong_nhung/Embedded-main/ABS_DataSimu/ThirdParty/FreeRTOSv202112.00" -I"D:/Learn school/He_thong_nhung/Embedded-main/ABS_DataSimu/ThirdParty/FreeRTOSv202112.00/include" -I"D:/Learn school/He_thong_nhung/Embedded-main/ABS_DataSimu/ThirdParty/FreeRTOSv202112.00/portable/GCC/ARM_CM3" -O0 -ffunction-sections -fdata-sections -Wall -fstack-usage -MMD -MP -MF"Drivers/STM32F1xx_HAL_Driver/Src/stm32f1xx_hal_exti.d" -MT"Drivers/STM32F1xx_HAL_Driver/Src/stm32f1xx_hal_exti.o" --specs=nano.specs -mfloat-abi=soft -mthumb -o "Drivers/STM32F1xx_HAL_Driver/Src/stm32f1xx_hal_exti.o"
arm-none-eabi-gcc "../Drivers/STM32F1xx_HAL_Driver/Src/stm32f1xx_hal_flash.c" -mcpu=cortex-m3 -std=gnu11 -g3 -DDEBUG -DUSE_HAL_DRIVER -DSTM32F103xB -c -I../Core/Inc -I../Drivers/STM32F1xx_HAL_Driver/Inc/Legacy -I../Drivers/STM32F1xx_HAL_Driver/Inc -I../Drivers/CMSIS/Device/ST/STM32F1xx/Include -I../Drivers/CMSIS/Include -I"D:/Learn school/He_thong_nhung/Embedded-main/ABS_DataSimu/ThirdParty/FreeRTOSv202112.00" -I"D:/Learn school/He_thong_nhung/Embedded-main/ABS_DataSimu/ThirdParty/FreeRTOSv202112.00/include" -I"D:/Learn school/He_thong_nhung/Embedded-main/ABS_DataSimu/ThirdParty/FreeRTOSv202112.00/portable/GCC/ARM_CM3" -O0 -ffunction-sections -fdata-sections -Wall -fstack-usage -MMD -MP -MF"Drivers/STM32F1xx_HAL_Driver/Src/stm32f1xx_hal_flash.d" -MT"Drivers/STM32F1xx_HAL_Driver/Src/stm32f1xx_hal_flash.o" --specs=nano.specs -mfloat-abi=soft -mthumb -o "Drivers/STM32F1xx_HAL_Driver/Src/stm32f1xx_hal_flash.o"
arm-none-eabi-gcc "../Drivers/STM32F1xx_HAL_Driver/Src/stm32f1xx_hal_flash_ex.c" -mcpu=cortex-m3 -std=gnu11 -g3 -DDEBUG -DUSE_HAL_DRIVER -DSTM32F103xB -c -I../Core/Inc -I../Drivers/STM32F1xx_HAL_Driver/Inc/Legacy -I../Drivers/STM32F1xx_HAL_Driver/Inc -I../Drivers/CMSIS/Device/ST/STM32F1xx/Include -I../Drivers/CMSIS/Include -I"D:/Learn school/He_thong_nhung/Embedded-main/ABS_DataSimu/ThirdParty/FreeRTOSv202112.00" -I"D:/Learn school/He_thong_nhung/Embedded-main/ABS_DataSimu/ThirdParty/FreeRTOSv202112.00/include" -I"D:/Learn school/He_thong_nhung/Embedded-main/ABS_DataSimu/ThirdParty/FreeRTOSv202112.00/portable/GCC/ARM_CM3" -O0 -ffunction-sections -fdata-sections -Wall -fstack-usage -MMD -MP -MF"Drivers/STM32F1xx_HAL_Driver/Src/stm32f1xx_hal_flash_ex.d" -MT"Drivers/STM32F1xx_HAL_Driver/Src/stm32f1xx_hal_flash_ex.o" --specs=nano.specs -mfloat-abi=soft -mthumb -o "Drivers/STM32F1xx_HAL_Driver/Src/stm32f1xx_hal_flash_ex.o"
arm-none-eabi-gcc "../Drivers/STM32F1xx_HAL_Driver/Src/stm32f1xx_hal_gpio.c" -mcpu=cortex-m3 -std=gnu11 -g3 -DDEBUG -DUSE_HAL_DRIVER -DSTM32F103xB -c -I../Core/Inc -I../Drivers/STM32F1xx_HAL_Driver/Inc/Legacy -I../Drivers/STM32F1xx_HAL_Driver/Inc -I../Drivers/CMSIS/Device/ST/STM32F1xx/Include -I../Drivers/CMSIS/Include -I"D:/Learn school/He_thong_nhung/Embedded-main/ABS_DataSimu/ThirdParty/FreeRTOSv202112.00" -I"D:/Learn school/He_thong_nhung/Embedded-main/ABS_DataSimu/ThirdParty/FreeRTOSv202112.00/include" -I"D:/Learn school/He_thong_nhung/Embedded-main/ABS_DataSimu/ThirdParty/FreeRTOSv202112.00/portable/GCC/ARM_CM3" -O0 -ffunction-sections -fdata-sections -Wall -fstack-usage -MMD -MP -MF"Drivers/STM32F1xx_HAL_Driver/Src/stm32f1xx_hal_gpio.d" -MT"Drivers/STM32F1xx_HAL_Driver/Src/stm32f1xx_hal_gpio.o" --specs=nano.specs -mfloat-abi=soft -mthumb -o "Drivers/STM32F1xx_HAL_Driver/Src/stm32f1xx_hal_gpio.o"
arm-none-eabi-gcc "../Drivers/STM32F1xx_HAL_Driver/Src/stm32f1xx_hal_gpio_ex.c" -mcpu=cortex-m3 -std=gnu11 -g3 -DDEBUG -DUSE_HAL_DRIVER -DSTM32F103xB -c -I../Core/Inc -I../Drivers/STM32F1xx_HAL_Driver/Inc/Legacy -I../Drivers/STM32F1xx_HAL_Driver/Inc -I../Drivers/CMSIS/Device/ST/STM32F1xx/Include -I../Drivers/CMSIS/Include -I"D:/Learn school/He_thong_nhung/Embedded-main/ABS_DataSimu/ThirdParty/FreeRTOSv202112.00" -I"D:/Learn school/He_thong_nhung/Embedded-main/ABS_DataSimu/ThirdParty/FreeRTOSv202112.00/include" -I"D:/Learn school/He_thong_nhung/Embedded-main/ABS_DataSimu/ThirdParty/FreeRTOSv202112.00/portable/GCC/ARM_CM3" -O0 -ffunction-sections -fdata-sections -Wall -fstack-usage -MMD -MP -MF"Drivers/STM32F1xx_HAL_Driver/Src/stm32f1xx_hal_gpio_ex.d" -MT"Drivers/STM32F1xx_HAL_Driver/Src/stm32f1xx_hal_gpio_ex.o" --specs=nano.specs -mfloat-abi=soft -mthumb -o "Drivers/STM32F1xx_HAL_Driver/Src/stm32f1xx_hal_gpio_ex.o"
arm-none-eabi-gcc "../Drivers/STM32F1xx_HAL_Driver/Src/stm32f1xx_hal_pwr.c" -mcpu=cortex-m3 -std=gnu11 -g3 -DDEBUG -DUSE_HAL_DRIVER -DSTM32F103xB -c -I../Core/Inc -I../Drivers/STM32F1xx_HAL_Driver/Inc/Legacy -I../Drivers/STM32F1xx_HAL_Driver/Inc -I../Drivers/CMSIS/Device/ST/STM32F1xx/Include -I../Drivers/CMSIS/Include -I"D:/Learn school/He_thong_nhung/Embedded-main/ABS_DataSimu/ThirdParty/FreeRTOSv202112.00" -I"D:/Learn school/He_thong_nhung/Embedded-main/ABS_DataSimu/ThirdParty/FreeRTOSv202112.00/include" -I"D:/Learn school/He_thong_nhung/Embedded-main/ABS_DataSimu/ThirdParty/FreeRTOSv202112.00/portable/GCC/ARM_CM3" -O0 -ffunction-sections -fdata-sections -Wall -fstack-usage -MMD -MP -MF"Drivers/STM32F1xx_HAL_Driver/Src/stm32f1xx_hal_pwr.d" -MT"Drivers/STM32F1xx_HAL_Driver/Src/stm32f1xx_hal_pwr.o" --specs=nano.specs -mfloat-abi=soft -mthumb -o "Drivers/STM32F1xx_HAL_Driver/Src/stm32f1xx_hal_pwr.o"
arm-none-eabi-gcc "../Drivers/STM32F1xx_HAL_Driver/Src/stm32f1xx_hal_rcc.c" -mcpu=cortex-m3 -std=gnu11 -g3 -DDEBUG -DUSE_HAL_DRIVER -DSTM32F103xB -c -I../Core/Inc -I../Drivers/STM32F1xx_HAL_Driver/Inc/Legacy -I../Drivers/STM32F1xx_HAL_Driver/Inc -I../Drivers/CMSIS/Device/ST/STM32F1xx/Include -I../Drivers/CMSIS/Include -I"D:/Learn school/He_thong_nhung/Embedded-main/ABS_DataSimu/ThirdParty/FreeRTOSv202112.00" -I"D:/Learn school/He_thong_nhung/Embedded-main/ABS_DataSimu/ThirdParty/FreeRTOSv202112.00/include" -I"D:/Learn school/He_thong_nhung/Embedded-main/ABS_DataSimu/ThirdParty/FreeRTOSv202112.00/portable/GCC/ARM_CM3" -O0 -ffunction-sections -fdata-sections -Wall -fstack-usage -MMD -MP -MF"Drivers/STM32F1xx_HAL_Driver/Src/stm32f1xx_hal_rcc.d" -MT"Drivers/STM32F1xx_HAL_Driver/Src/stm32f1xx_hal_rcc.o" --specs=nano.specs -mfloat-abi=soft -mthumb -o "Drivers/STM32F1xx_HAL_Driver/Src/stm32f1xx_hal_rcc.o"
arm-none-eabi-gcc "../Drivers/STM32F1xx_HAL_Driver/Src/stm32f1xx_hal_rcc_ex.c" -mcpu=cortex-m3 -std=gnu11 -g3 -DDEBUG -DUSE_HAL_DRIVER -DSTM32F103xB -c -I../Core/Inc -I../Drivers/STM32F1xx_HAL_Driver/Inc/Legacy -I../Drivers/STM32F1xx_HAL_Driver/Inc -I../Drivers/CMSIS/Device/ST/STM32F1xx/Include -I../Drivers/CMSIS/Include -I"D:/Learn school/He_thong_nhung/Embedded-main/ABS_DataSimu/ThirdParty/FreeRTOSv202112.00" -I"D:/Learn school/He_thong_nhung/Embedded-main/ABS_DataSimu/ThirdParty/FreeRTOSv202112.00/include" -I"D:/Learn school/He_thong_nhung/Embedded-main/ABS_DataSimu/ThirdParty/FreeRTOSv202112.00/portable/GCC/ARM_CM3" -O0 -ffunction-sections -fdata-sections -Wall -fstack-usage -MMD -MP -MF"Drivers/STM32F1xx_HAL_Driver/Src/stm32f1xx_hal_rcc_ex.d" -MT"Drivers/STM32F1xx_HAL_Driver/Src/stm32f1xx_hal_rcc_ex.o" --specs=nano.specs -mfloat-abi=soft -mthumb -o "Drivers/STM32F1xx_HAL_Driver/Src/stm32f1xx_hal_rcc_ex.o"
arm-none-eabi-gcc "../Drivers/STM32F1xx_HAL_Driver/Src/stm32f1xx_hal_tim.c" -mcpu=cortex-m3 -std=gnu11 -g3 -DDEBUG -DUSE_HAL_DRIVER -DSTM32F103xB -c -I../Core/Inc -I../Drivers/STM32F1xx_HAL_Driver/Inc/Legacy -I../Drivers/STM32F1xx_HAL_Driver/Inc -I../Drivers/CMSIS/Device/ST/STM32F1xx/Include -I../Drivers/CMSIS/Include -I"D:/Learn school/He_thong_nhung/Embedded-main/ABS_DataSimu/ThirdParty/FreeRTOSv202112.00" -I"D:/Learn school/He_thong_nhung/Embedded-main/ABS_DataSimu/ThirdParty/FreeRTOSv202112.00/include" -I"D:/Learn school/He_thong_nhung/Embedded-main/ABS_DataSimu/ThirdParty/FreeRTOSv202112.00/portable/GCC/ARM_CM3" -O0 -ffunction-sections -fdata-sections -Wall -fstack-usage -MMD -MP -MF"Drivers/STM32F1xx_HAL_Driver/Src/stm32f1xx_hal_tim.d" -MT"Drivers/STM32F1xx_HAL_Driver/Src/stm32f1xx_hal_tim.o" --specs=nano.specs -mfloat-abi=soft -mthumb -o "Drivers/STM32F1xx_HAL_Driver/Src/stm32f1xx_hal_tim.o"
arm-none-eabi-gcc "../Drivers/STM32F1xx_HAL_Driver/Src/stm32f1xx_hal_tim_ex.c" -mcpu=cortex-m3 -std=gnu11 -g3 -DDEBUG -DUSE_HAL_DRIVER -DSTM32F103xB -c -I../Core/Inc -I../Drivers/STM32F1xx_HAL_Driver/Inc/Legacy -I../Drivers/STM32F1xx_HAL_Driver/Inc -I../Drivers/CMSIS/Device/ST/STM32F1xx/Include -I../Drivers/CMSIS/Include -I"D:/Learn school/He_thong_nhung/Embedded-main/ABS_DataSimu/ThirdParty/FreeRTOSv202112.00" -I"D:/Learn school/He_thong_nhung/Embedded-main/ABS_DataSimu/ThirdParty/FreeRTOSv202112.00/include" -I"D:/Learn school/He_thong_nhung/Embedded-main/ABS_DataSimu/ThirdParty/FreeRTOSv202112.00/portable/GCC/ARM_CM3" -O0 -ffunction-sections -fdata-sections -Wall -fstack-usage -MMD -MP -MF"Drivers/STM32F1xx_HAL_Driver/Src/stm32f1xx_hal_tim_ex.d" -MT"Drivers/STM32F1xx_HAL_Driver/Src/stm32f1xx_hal_tim_ex.o" --specs=nano.specs -mfloat-abi=soft -mthumb -o "Drivers/STM32F1xx_HAL_Driver/Src/stm32f1xx_hal_tim_ex.o"
arm-none-eabi-gcc "../Drivers/STM32F1xx_HAL_Driver/Src/stm32f1xx_hal_uart.c" -mcpu=cortex-m3 -std=gnu11 -g3 -DDEBUG -DUSE_HAL_DRIVER -DSTM32F103xB -c -I../Core/Inc -I../Drivers/STM32F1xx_HAL_Driver/Inc/Legacy -I../Drivers/STM32F1xx_HAL_Driver/Inc -I../Drivers/CMSIS/Device/ST/STM32F1xx/Include -I../Drivers/CMSIS/Include -I"D:/Learn school/He_thong_nhung/Embedded-main/ABS_DataSimu/ThirdParty/FreeRTOSv202112.00" -I"D:/Learn school/He_thong_nhung/Embedded-main/ABS_DataSimu/ThirdParty/FreeRTOSv202112.00/include" -I"D:/Learn school/He_thong_nhung/Embedded-main/ABS_DataSimu/ThirdParty/FreeRTOSv202112.00/portable/GCC/ARM_CM3" -O0 -ffunction-sections -fdata-sections -Wall -fstack-usage -MMD -MP -MF"Drivers/STM32F1xx_HAL_Driver/Src/stm32f1xx_hal_uart.d" -MT"Drivers/STM32F1xx_HAL_Driver/Src/stm32f1xx_hal_uart.o" --specs=nano.specs -mfloat-abi=soft -mthumb -o "Drivers/STM32F1xx_HAL_Driver/Src/stm32f1xx_hal_uart.o"
arm-none-eabi-gcc -mcpu=cortex-m3 -g3 -DDEBUG -c -x assembler-with-cpp -MMD -MP -MF"Core/Startup/startup_stm32f103c8tx.d" -MT"Core/Startup/startup_stm32f103c8tx.o" --specs=nano.specs -mfloat-abi=soft -mthumb -o "Core/Startup/startup_stm32f103c8tx.o" "../Core/Startup/startup_stm32f103c8tx.s"
arm-none-eabi-gcc "../Core/Src/main.c" -mcpu=cortex-m3 -std=gnu11 -g3 -DDEBUG -DUSE_HAL_DRIVER -DSTM32F103xB -c -I../Core/Inc -I../Drivers/STM32F1xx_HAL_Driver/Inc/Legacy -I../Drivers/STM32F1xx_HAL_Driver/Inc -I../Drivers/CMSIS/Device/ST/STM32F1xx/Include -I../Drivers/CMSIS/Include -I"D:/Learn school/He_thong_nhung/Embedded-main/ABS_DataSimu/ThirdParty/FreeRTOSv202112.00" -I"D:/Learn school/He_thong_nhung/Embedded-main/ABS_DataSimu/ThirdParty/FreeRTOSv202112.00/include" -I"D:/Learn school/He_thong_nhung/Embedded-main/ABS_DataSimu/ThirdParty/FreeRTOSv202112.00/portable/GCC/ARM_CM3" -O0 -ffunction-sections -fdata-sections -Wall -fstack-usage -MMD -MP -MF"Core/Src/main.d" -MT"Core/Src/main.o" --specs=nano.specs -mfloat-abi=soft -mthumb -o "Core/Src/main.o"
arm-none-eabi-gcc "../Core/Src/stm32f1xx_hal_msp.c" -mcpu=cortex-m3 -std=gnu11 -g3 -DDEBUG -DUSE_HAL_DRIVER -DSTM32F103xB -c -I../Core/Inc -I../Drivers/STM32F1xx_HAL_Driver/Inc/Legacy -I../Drivers/STM32F1xx_HAL_Driver/Inc -I../Drivers/CMSIS/Device/ST/STM32F1xx/Include -I../Drivers/CMSIS/Include -I"D:/Learn school/He_thong_nhung/Embedded-main/ABS_DataSimu/ThirdParty/FreeRTOSv202112.00" -I"D:/Learn school/He_thong_nhung/Embedded-main/ABS_DataSimu/ThirdParty/FreeRTOSv202112.00/include" -I"D:/Learn school/He_thong_nhung/Embedded-main/ABS_DataSimu/ThirdParty/FreeRTOSv202112.00/portable/GCC/ARM_CM3" -O0 -ffunction-sections -fdata-sections -Wall -fstack-usage -MMD -MP -MF"Core/Src/stm32f1xx_hal_msp.d" -MT"Core/Src/stm32f1xx_hal_msp.o" --specs=nano.specs -mfloat-abi=soft -mthumb -o "Core/Src/stm32f1xx_hal_msp.o"
arm-none-eabi-gcc "../Core/Src/stm32f1xx_hal_timebase_tim.c" -mcpu=cortex-m3 -std=gnu11 -g3 -DDEBUG -DUSE_HAL_DRIVER -DSTM32F103xB -c -I../Core/Inc -I../Drivers/STM32F1xx_HAL_Driver/Inc/Legacy -I../Drivers/STM32F1xx_HAL_Driver/Inc -I../Drivers/CMSIS/Device/ST/STM32F1xx/Include -I../Drivers/CMSIS/Include -I"D:/Learn school/He_thong_nhung/Embedded-main/ABS_DataSimu/ThirdParty/FreeRTOSv202112.00" -I"D:/Learn school/He_thong_nhung/Embedded-main/ABS_DataSimu/ThirdParty/FreeRTOSv202112.00/include" -I"D:/Learn school/He_thong_nhung/Embedded-main/ABS_DataSimu/ThirdParty/FreeRTOSv202112.00/portable/GCC/ARM_CM3" -O0 -ffunction-sections -fdata-sections -Wall -fstack-usage -MMD -MP -MF"Core/Src/stm32f1xx_hal_timebase_tim.d" -MT"Core/Src/stm32f1xx_hal_timebase_tim.o" --specs=nano.specs -mfloat-abi=soft -mthumb -o "Core/Src/stm32f1xx_hal_timebase_tim.o"
arm-none-eabi-gcc "../Core/Src/stm32f1xx_it.c" -mcpu=cortex-m3 -std=gnu11 -g3 -DDEBUG -DUSE_HAL_DRIVER -DSTM32F103xB -c -I../Core/Inc -I../Drivers/STM32F1xx_HAL_Driver/Inc/Legacy -I../Drivers/STM32F1xx_HAL_Driver/Inc -I../Drivers/CMSIS/Device/ST/STM32F1xx/Include -I../Drivers/CMSIS/Include -I"D:/Learn school/He_thong_nhung/Embedded-main/ABS_DataSimu/ThirdParty/FreeRTOSv202112.00" -I"D:/Learn school/He_thong_nhung/Embedded-main/ABS_DataSimu/ThirdParty/FreeRTOSv202112.00/include" -I"D:/Learn school/He_thong_nhung/Embedded-main/ABS_DataSimu/ThirdParty/FreeRTOSv202112.00/portable/GCC/ARM_CM3" -O0 -ffunction-sections -fdata-sections -Wall -fstack-usage -MMD -MP -MF"Core/Src/stm32f1xx_it.d" -MT"Core/Src/stm32f1xx_it.o" --specs=nano.specs -mfloat-abi=soft -mthumb -o "Core/Src/stm32f1xx_it.o"
arm-none-eabi-gcc "../Core/Src/syscalls.c" -mcpu=cortex-m3 -std=gnu11 -g3 -DDEBUG -DUSE_HAL_DRIVER -DSTM32F103xB -c -I../Core/Inc -I../Drivers/STM32F1xx_HAL_Driver/Inc/Legacy -I../Drivers/STM32F1xx_HAL_Driver/Inc -I../Drivers/CMSIS/Device/ST/STM32F1xx/Include -I../Drivers/CMSIS/Include -I"D:/Learn school/He_thong_nhung/Embedded-main/ABS_DataSimu/ThirdParty/FreeRTOSv202112.00" -I"D:/Learn school/He_thong_nhung/Embedded-main/ABS_DataSimu/ThirdParty/FreeRTOSv202112.00/include" -I"D:/Learn school/He_thong_nhung/Embedded-main/ABS_DataSimu/ThirdParty/FreeRTOSv202112.00/portable/GCC/ARM_CM3" -O0 -ffunction-sections -fdata-sections -Wall -fstack-usage -MMD -MP -MF"Core/Src/syscalls.d" -MT"Core/Src/syscalls.o" --specs=nano.specs -mfloat-abi=soft -mthumb -o "Core/Src/syscalls.o"
arm-none-eabi-gcc "../Core/Src/sysmem.c" -mcpu=cortex-m3 -std=gnu11 -g3 -DDEBUG -DUSE_HAL_DRIVER -DSTM32F103xB -c -I../Core/Inc -I../Drivers/STM32F1xx_HAL_Driver/Inc/Legacy -I../Drivers/STM32F1xx_HAL_Driver/Inc -I../Drivers/CMSIS/Device/ST/STM32F1xx/Include -I../Drivers/CMSIS/Include -I"D:/Learn school/He_thong_nhung/Embedded-main/ABS_DataSimu/ThirdParty/FreeRTOSv202112.00" -I"D:/Learn school/He_thong_nhung/Embedded-main/ABS_DataSimu/ThirdParty/FreeRTOSv202112.00/include" -I"D:/Learn school/He_thong_nhung/Embedded-main/ABS_DataSimu/ThirdParty/FreeRTOSv202112.00/portable/GCC/ARM_CM3" -O0 -ffunction-sections -fdata-sections -Wall -fstack-usage -MMD -MP -MF"Core/Src/sysmem.d" -MT"Core/Src/sysmem.o" --specs=nano.specs -mfloat-abi=soft -mthumb -o "Core/Src/sysmem.o"
arm-none-eabi-gcc "../Core/Src/system_stm32f1xx.c" -mcpu=cortex-m3 -std=gnu11 -g3 -DDEBUG -DUSE_HAL_DRIVER -DSTM32F103xB -c -I../Core/Inc -I../Drivers/STM32F1xx_HAL_Driver/Inc/Legacy -I../Drivers/STM32F1xx_HAL_Driver/Inc -I../Drivers/CMSIS/Device/ST/STM32F1xx/Include -I../Drivers/CMSIS/Include -I"D:/Learn school/He_thong_nhung/Embedded-main/ABS_DataSimu/ThirdParty/FreeRTOSv202112.00" -I"D:/Learn school/He_thong_nhung/Embedded-main/ABS_DataSimu/ThirdParty/FreeRTOSv202112.00/include" -I"D:/Learn school/He_thong_nhung/Embedded-main/ABS_DataSimu/ThirdParty/FreeRTOSv202112.00/portable/GCC/ARM_CM3" -O0 -ffunction-sections -fdata-sections -Wall -fstack-usage -MMD -MP -MF"Core/Src/system_stm32f1xx.d" -MT"Core/Src/system_stm32f1xx.o" --specs=nano.specs -mfloat-abi=soft -mthumb -o "Core/Src/system_stm32f1xx.o"
arm-none-eabi-gcc -o "ABS_DataSimu.elf" @"objects.list"   -mcpu=cortex-m3 -T"D:\Learn school\He_thong_nhung\Embedded-main\ABS_DataSimu\STM32F103C8TX_FLASH.ld" --specs=nosys.specs -Wl,-Map="ABS_DataSimu.map" -Wl,--gc-sections -static --specs=nano.specs -mfloat-abi=soft -mthumb -Wl,--start-group -lc -lm -Wl,--end-group
Finished building target: ABS_DataSimu.elf
 
arm-none-eabi-size   ABS_DataSimu.elf 
arm-none-eabi-objdump -h -S  ABS_DataSimu.elf  > "ABS_DataSimu.list"
   text	   data	    bss	    dec	    hex	filename
  12580	     20	   1764	  14364	   381c	ABS_DataSimu.elf
Finished building: default.size.stdout
 
Finished building: ABS_DataSimu.list
 
arm-none-eabi-objcopy -O ihex ABS_DataSimu.elf ABS_DataSimu.hex
 
